Archive member included to satisfy reference by file (symbol)

C:/ST/STM32CubeIDE_1.15.1/STM32CubeIDE/plugins/com.st.stm32cube.ide.mcu.externaltools.gnu-tools-for-stm32.12.3.rel1.win32_1.0.100.202403111256/tools/bin/../lib/gcc/arm-none-eabi/12.3.1/../../../../arm-none-eabi/lib/thumb/v7e-m+dp/hard\libc_nano.a(libc_a-exit.o)
                              C:/ST/STM32CubeIDE_1.15.1/STM32CubeIDE/plugins/com.st.stm32cube.ide.mcu.externaltools.gnu-tools-for-stm32.12.3.rel1.win32_1.0.100.202403111256/tools/bin/../lib/gcc/arm-none-eabi/12.3.1/../../../../arm-none-eabi/lib/thumb/v7e-m+dp/hard/crt0.o (exit)
C:/ST/STM32CubeIDE_1.15.1/STM32CubeIDE/plugins/com.st.stm32cube.ide.mcu.externaltools.gnu-tools-for-stm32.12.3.rel1.win32_1.0.100.202403111256/tools/bin/../lib/gcc/arm-none-eabi/12.3.1/../../../../arm-none-eabi/lib/thumb/v7e-m+dp/hard\libc_nano.a(libc_a-nano-vfprintf_float.o)
                              (_printf_float)
C:/ST/STM32CubeIDE_1.15.1/STM32CubeIDE/plugins/com.st.stm32cube.ide.mcu.externaltools.gnu-tools-for-stm32.12.3.rel1.win32_1.0.100.202403111256/tools/bin/../lib/gcc/arm-none-eabi/12.3.1/../../../../arm-none-eabi/lib/thumb/v7e-m+dp/hard\libc_nano.a(libc_a-nano-vfprintf_i.o)
                              C:/ST/STM32CubeIDE_1.15.1/STM32CubeIDE/plugins/com.st.stm32cube.ide.mcu.externaltools.gnu-tools-for-stm32.12.3.rel1.win32_1.0.100.202403111256/tools/bin/../lib/gcc/arm-none-eabi/12.3.1/../../../../arm-none-eabi/lib/thumb/v7e-m+dp/hard\libc_nano.a(libc_a-nano-vfprintf_float.o) (_printf_common)
C:/ST/STM32CubeIDE_1.15.1/STM32CubeIDE/plugins/com.st.stm32cube.ide.mcu.externaltools.gnu-tools-for-stm32.12.3.rel1.win32_1.0.100.202403111256/tools/bin/../lib/gcc/arm-none-eabi/12.3.1/../../../../arm-none-eabi/lib/thumb/v7e-m+dp/hard\libc_nano.a(libc_a-findfp.o)
                              ./Middlewares/Third_Party/FreeRTOS/Source/tasks.o (__sf)
C:/ST/STM32CubeIDE_1.15.1/STM32CubeIDE/plugins/com.st.stm32cube.ide.mcu.externaltools.gnu-tools-for-stm32.12.3.rel1.win32_1.0.100.202403111256/tools/bin/../lib/gcc/arm-none-eabi/12.3.1/../../../../arm-none-eabi/lib/thumb/v7e-m+dp/hard\libc_nano.a(libc_a-fwalk.o)
                              C:/ST/STM32CubeIDE_1.15.1/STM32CubeIDE/plugins/com.st.stm32cube.ide.mcu.externaltools.gnu-tools-for-stm32.12.3.rel1.win32_1.0.100.202403111256/tools/bin/../lib/gcc/arm-none-eabi/12.3.1/../../../../arm-none-eabi/lib/thumb/v7e-m+dp/hard\libc_nano.a(libc_a-findfp.o) (_fwalk_sglue)
C:/ST/STM32CubeIDE_1.15.1/STM32CubeIDE/plugins/com.st.stm32cube.ide.mcu.externaltools.gnu-tools-for-stm32.12.3.rel1.win32_1.0.100.202403111256/tools/bin/../lib/gcc/arm-none-eabi/12.3.1/../../../../arm-none-eabi/lib/thumb/v7e-m+dp/hard\libc_nano.a(libc_a-printf.o)
                              ./Core/Src/freertos.o (printf)
C:/ST/STM32CubeIDE_1.15.1/STM32CubeIDE/plugins/com.st.stm32cube.ide.mcu.externaltools.gnu-tools-for-stm32.12.3.rel1.win32_1.0.100.202403111256/tools/bin/../lib/gcc/arm-none-eabi/12.3.1/../../../../arm-none-eabi/lib/thumb/v7e-m+dp/hard\libc_nano.a(libc_a-stdio.o)
                              C:/ST/STM32CubeIDE_1.15.1/STM32CubeIDE/plugins/com.st.stm32cube.ide.mcu.externaltools.gnu-tools-for-stm32.12.3.rel1.win32_1.0.100.202403111256/tools/bin/../lib/gcc/arm-none-eabi/12.3.1/../../../../arm-none-eabi/lib/thumb/v7e-m+dp/hard\libc_nano.a(libc_a-findfp.o) (__sread)
C:/ST/STM32CubeIDE_1.15.1/STM32CubeIDE/plugins/com.st.stm32cube.ide.mcu.externaltools.gnu-tools-for-stm32.12.3.rel1.win32_1.0.100.202403111256/tools/bin/../lib/gcc/arm-none-eabi/12.3.1/../../../../arm-none-eabi/lib/thumb/v7e-m+dp/hard\libc_nano.a(libc_a-memset.o)
                              C:/ST/STM32CubeIDE_1.15.1/STM32CubeIDE/plugins/com.st.stm32cube.ide.mcu.externaltools.gnu-tools-for-stm32.12.3.rel1.win32_1.0.100.202403111256/tools/bin/../lib/gcc/arm-none-eabi/12.3.1/../../../../arm-none-eabi/lib/thumb/v7e-m+dp/hard/crt0.o (memset)
C:/ST/STM32CubeIDE_1.15.1/STM32CubeIDE/plugins/com.st.stm32cube.ide.mcu.externaltools.gnu-tools-for-stm32.12.3.rel1.win32_1.0.100.202403111256/tools/bin/../lib/gcc/arm-none-eabi/12.3.1/../../../../arm-none-eabi/lib/thumb/v7e-m+dp/hard\libc_nano.a(libc_a-localeconv.o)
                              C:/ST/STM32CubeIDE_1.15.1/STM32CubeIDE/plugins/com.st.stm32cube.ide.mcu.externaltools.gnu-tools-for-stm32.12.3.rel1.win32_1.0.100.202403111256/tools/bin/../lib/gcc/arm-none-eabi/12.3.1/../../../../arm-none-eabi/lib/thumb/v7e-m+dp/hard\libc_nano.a(libc_a-nano-vfprintf_float.o) (_localeconv_r)
C:/ST/STM32CubeIDE_1.15.1/STM32CubeIDE/plugins/com.st.stm32cube.ide.mcu.externaltools.gnu-tools-for-stm32.12.3.rel1.win32_1.0.100.202403111256/tools/bin/../lib/gcc/arm-none-eabi/12.3.1/../../../../arm-none-eabi/lib/thumb/v7e-m+dp/hard\libc_nano.a(libc_a-closer.o)
[...]
Memory Configuration

Name             Origin             Length             Attributes
ITCMRAM          0x00000000         0x00010000         xrw
FLASH            0x08000000         0x00200000         xr
DTCMRAM1         0x20000000         0x00010000         xrw
DTCMRAM2         0x20010000         0x00010000         xrw
RAM              0x24000000         0x00100000         xrw
RAM_CD           0x30000000         0x00020000         xrw
RAM_SRD          0x38000000         0x00008000         xrw
*default*        0x00000000         0xffffffff

Linker script and memory map

LOAD C:/ST/STM32CubeIDE_1.15.1/STM32CubeIDE/plugins/com.st.stm32cube.ide.mcu.externaltools.gnu-tools-for-stm32.12.3.rel1.win32_1.0.100.202403111256/tools/bin/../lib/gcc/arm-none-eabi/12.3.1/thumb/v7e-m+dp/hard/crti.o
LOAD C:/ST/STM32CubeIDE_1.15.1/STM32CubeIDE/plugins/com.st.stm32cube.ide.mcu.externaltools.gnu-tools-for-stm32.12.3.rel1.win32_1.0.100.202403111256/tools/bin/../lib/gcc/arm-none-eabi/12.3.1/thumb/v7e-m+dp/hard/crtbegin.o
LOAD C:/ST/STM32CubeIDE_1.15.1/STM32CubeIDE/plugins/com.st.stm32cube.ide.mcu.externaltools.gnu-tools-for-stm32.12.3.rel1.win32_1.0.100.202403111256/tools/bin/../lib/gcc/arm-none-eabi/12.3.1/../../../../arm-none-eabi/lib/thumb/v7e-m+dp/hard/crt0.o
LOAD ./Core/Src/adc.o
LOAD ./Core/Src/freertos.o
LOAD ./Core/Src/gpio.o
LOAD ./Core/Src/main.o
LOAD ./Core/Src/stm32h7xx_hal_msp.o
LOAD ./Core/Src/stm32h7xx_hal_timebase_tim.o
LOAD ./Core/Src/stm32h7xx_it.o
LOAD ./Core/Src/syscalls.o
LOAD ./Core/Src/sysmem.o
LOAD ./Core/Src/system_stm32h7xx.o
LOAD ./Core/Src/usart.o
LOAD ./Core/Src/usb_otg.o
LOAD ./Core/Startup/startup_stm32h7a3zitxq.o
LOAD ./Drivers/STM32H7xx_HAL_Driver/Src/stm32h7xx_hal.o
LOAD ./Drivers/STM32H7xx_HAL_Driver/Src/stm32h7xx_hal_adc.o
LOAD ./Drivers/STM32H7xx_HAL_Driver/Src/stm32h7xx_hal_adc_ex.o
LOAD ./Drivers/STM32H7xx_HAL_Driver/Src/stm32h7xx_hal_cortex.o
LOAD ./Drivers/STM32H7xx_HAL_Driver/Src/stm32h7xx_hal_dma.o
LOAD ./Drivers/STM32H7xx_HAL_Driver/Src/stm32h7xx_hal_dma_ex.o
LOAD ./Drivers/STM32H7xx_HAL_Driver/Src/stm32h7xx_hal_exti.o
LOAD ./Drivers/STM32H7xx_HAL_Driver/Src/stm32h7xx_hal_flash.o
LOAD ./Drivers/STM32H7xx_HAL_Driver/Src/stm32h7xx_hal_flash_ex.o
LOAD ./Drivers/STM32H7xx_HAL_Driver/Src/stm32h7xx_hal_gpio.o
LOAD ./Drivers/STM32H7xx_HAL_Driver/Src/stm32h7xx_hal_hsem.o
LOAD ./Drivers/STM32H7xx_HAL_Driver/Src/stm32h7xx_hal_i2c.o
LOAD ./Drivers/STM32H7xx_HAL_Driver/Src/stm32h7xx_hal_i2c_ex.o
LOAD ./Drivers/STM32H7xx_HAL_Driver/Src/stm32h7xx_hal_mdma.o
LOAD ./Drivers/STM32H7xx_HAL_Driver/Src/stm32h7xx_hal_pwr.o
LOAD ./Drivers/STM32H7xx_HAL_Driver/Src/stm32h7xx_hal_pwr_ex.o
LOAD ./Drivers/STM32H7xx_HAL_Driver/Src/stm32h7xx_hal_rcc.o
LOAD ./Drivers/STM32H7xx_HAL_Driver/Src/stm32h7xx_hal_rcc_ex.o
LOAD ./Drivers/STM32H7xx_HAL_Driver/Src/stm32h7xx_hal_tim.o
LOAD ./Drivers/STM32H7xx_HAL_Driver/Src/stm32h7xx_hal_tim_ex.o
LOAD ./Drivers/STM32H7xx_HAL_Driver/Src/stm32h7xx_hal_uart.o
LOAD ./Drivers/STM32H7xx_HAL_Driver/Src/stm32h7xx_hal_uart_ex.o
LOAD ./Middlewares/Third_Party/FreeRTOS/Source/CMSIS_RTOS_V2/cmsis_os2.o
LOAD ./Middlewares/Third_Party/FreeRTOS/Source/croutine.o
LOAD ./Middlewares/Third_Party/FreeRTOS/Source/event_groups.o
LOAD ./Middlewares/Third_Party/FreeRTOS/Source/list.o
LOAD ./Middlewares/Third_Party/FreeRTOS/Source/queue.o
LOAD ./Middlewares/Third_Party/FreeRTOS/Source/stream_buffer.o
LOAD ./Middlewares/Third_Party/FreeRTOS/Source/tasks.o
LOAD ./Middlewares/Third_Party/FreeRTOS/Source/timers.o
LOAD ./Middlewares/Third_Party/FreeRTOS/Source/portable/GCC/ARM_CM4F/port.o
LOAD ./Middlewares/Third_Party/FreeRTOS/Source/portable/MemMang/heap_4.o
START GROUP
LOAD C:/ST/STM32CubeIDE_1.15.1/STM32CubeIDE/plugins/com.st.stm32cube.ide.mcu.externaltools.gnu-tools-for-stm32.12.3.rel1.win32_1.0.100.202403111256/tools/bin/../lib/gcc/arm-none-eabi/12.3.1/../../../../arm-none-eabi/lib/thumb/v7e-m+dp/hard\libc_nano.a
LOAD C:/ST/STM32CubeIDE_1.15.1/STM32CubeIDE/plugins/com.st.stm32cube.ide.mcu.externaltools.gnu-tools-for-stm32.12.3.rel1.win32_1.0.100.202403111256/tools/bin/../lib/gcc/arm-none-eabi/12.3.1/../../../../arm-none-eabi/lib/thumb/v7e-m+dp/hard\libm.a
END GROUP
START GROUP
LOAD C:/ST/STM32CubeIDE_1.15.1/STM32CubeIDE/plugins/com.st.stm32cube.ide.mcu.externaltools.gnu-tools-for-stm32.12.3.rel1.win32_1.0.100.202403111256/tools/bin/../lib/gcc/arm-none-eabi/12.3.1/thumb/v7e-m+dp/hard\libgcc.a
LOAD C:/ST/STM32CubeIDE_1.15.1/STM32CubeIDE/plugins/com.st.stm32cube.ide.mcu.externaltools.gnu-tools-for-stm32.12.3.rel1.win32_1.0.100.202403111256/tools/bin/../lib/gcc/arm-none-eabi/12.3.1/../../../../arm-none-eabi/lib/thumb/v7e-m+dp/hard\libc_nano.a
END GROUP
START GROUP
LOAD C:/ST/STM32CubeIDE_1.15.1/STM32CubeIDE/plugins/com.st.stm32cube.ide.mcu.externaltools.gnu-tools-for-stm32.12.3.rel1.win32_1.0.100.202403111256/tools/bin/../lib/gcc/arm-none-eabi/12.3.1/thumb/v7e-m+dp/hard\libgcc.a
LOAD C:/ST/STM32CubeIDE_1.15.1/STM32CubeIDE/plugins/com.st.stm32cube.ide.mcu.externaltools.gnu-tools-for-stm32.12.3.rel1.win32_1.0.100.202403111256/tools/bin/../lib/gcc/arm-none-eabi/12.3.1/../../../../arm-none-eabi/lib/thumb/v7e-m+dp/hard\libc_nano.a
LOAD C:/ST/STM32CubeIDE_1.15.1/STM32CubeIDE/plugins/com.st.stm32cube.ide.mcu.externaltools.gnu-tools-for-stm32.12.3.rel1.win32_1.0.100.202403111256/tools/bin/../lib/gcc/arm-none-eabi/12.3.1/../../../../arm-none-eabi/lib/thumb/v7e-m+dp/hard\libnosys.a
END GROUP
START GROUP
LOAD C:/ST/STM32CubeIDE_1.15.1/STM32CubeIDE/plugins/com.st.stm32cube.ide.mcu.externaltools.gnu-tools-for-stm32.12.3.rel1.win32_1.0.100.202403111256/tools/bin/../lib/gcc/arm-none-eabi/12.3.1/thumb/v7e-m+dp/hard\libgcc.a
LOAD C:/ST/STM32CubeIDE_1.15.1/STM32CubeIDE/plugins/com.st.stm32cube.ide.mcu.externaltools.gnu-tools-for-stm32.12.3.rel1.win32_1.0.100.202403111256/tools/bin/../lib/gcc/arm-none-eabi/12.3.1/../../../../arm-none-eabi/lib/thumb/v7e-m+dp/hard\libc_nano.a
LOAD C:/ST/STM32CubeIDE_1.15.1/STM32CubeIDE/plugins/com.st.stm32cube.ide.mcu.externaltools.gnu-tools-for-stm32.12.3.rel1.win32_1.0.100.202403111256/tools/bin/../lib/gcc/arm-none-eabi/12.3.1/../../../../arm-none-eabi/lib/thumb/v7e-m+dp/hard\libnosys.a
END GROUP
LOAD C:/ST/STM32CubeIDE_1.15.1/STM32CubeIDE/plugins/com.st.stm32cube.ide.mcu.externaltools.gnu-tools-for-stm32.12.3.rel1.win32_1.0.100.202403111256/tools/bin/../lib/gcc/arm-none-eabi/12.3.1/thumb/v7e-m+dp/hard/crtend.o
LOAD C:/ST/STM32CubeIDE_1.15.1/STM32CubeIDE/plugins/com.st.stm32cube.ide.mcu.externaltools.gnu-tools-for-stm32.12.3.rel1.win32_1.0.100.202403111256/tools/bin/../lib/gcc/arm-none-eabi/12.3.1/thumb/v7e-m+dp/hard/crtn.o
                0x24100000                        _estack = (ORIGIN (RAM) + LENGTH (RAM))
                0x00000200                        _Min_Heap_Size = 0x200
                0x00000400                        _Min_Stack_Size = 0x400

.isr_vector     0x08000000      0x2ac
                0x08000000                        . = ALIGN (0x4)
 *(.isr_vector)
 .isr_vector    0x08000000      0x2ac ./Core/Startup/startup_stm32h7a3zitxq.o
                0x08000000                g_pfnVectors
                0x080002ac                        . = ALIGN (0x4)

.text           0x080002b0     0xe344
                0x080002b0                        . = ALIGN (0x4)
 *(.text)
 .text          0x080002b0       0x40 C:/ST/STM32CubeIDE_1.15.1/STM32CubeIDE/plugins/com.st.stm32cube.ide.mcu.externaltools.gnu-tools-for-stm32.12.3.rel1.win32_1.0.100.202403111256/tools/bin/../lib/gcc/arm-none-eabi/12.3.1/thumb/v7e-m+dp/hard/crtbegin.o
 .text          0x080002f0       0xa0 C:/ST/STM32CubeIDE_1.15.1/STM32CubeIDE/plugins/com.st.stm32cube.ide.mcu.externaltools.gnu-tools-for-stm32.12.3.rel1.win32_1.0.100.202403111256/tools/bin/../lib/gcc/arm-none-eabi/12.3.1/../../../../arm-none-eabi/lib/thumb/v7e-m+dp/hard\libc_nano.a(libc_a-memchr.o)
                0x080002f0                memchr
 .text          0x08000390       0x10 C:/ST/STM32CubeIDE_1.15.1/STM32CubeIDE/plugins/com.st.stm32cube.ide.mcu.externaltools.gnu-tools-for-stm32.12.3.rel1.win32_1.0.100.202403111256/tools/bin/../lib/gcc/arm-none-eabi/12.3.1/../../../../arm-none-eabi/lib/thumb/v7e-m+dp/hard\libc_nano.a(libc_a-strlen.o)
                0x08000390                strlen
 .text          0x080003a0       0x30 C:/ST/STM32CubeIDE_1.15.1/STM32CubeIDE/plugins/com.st.stm32cube.ide.mcu.externaltools.gnu-tools-for-stm32.12.3.rel1.win32_1.0.100.202403111256/tools/bin/../lib/gcc/arm-none-eabi/12.3.1/thumb/v7e-m+dp/hard\libgcc.a(_aeabi_uldivmod.o)
                0x080003a0                __aeabi_uldivmod
 .text          0x080003d0      0x2bc C:/ST/STM32CubeIDE_1.15.1/STM32CubeIDE/plugins/com.st.stm32cube.ide.mcu.externaltools.gnu-tools-for-stm32.12.3.rel1.win32_1.0.100.202403111256/tools/bin/../lib/gcc/arm-none-eabi/12.3.1/thumb/v7e-m+dp/hard\libgcc.a(_udivmoddi4.o)
                0x080003d0                __udivmoddi4
 .text          0x0800068c        0x4 C:/ST/STM32CubeIDE_1.15.1/STM32CubeIDE/plugins/com.st.stm32cube.ide.mcu.externaltools.gnu-tools-for-stm32.12.3.rel1.win32_1.0.100.202403111256/tools/bin/../lib/gcc/arm-none-eabi/12.3.1/thumb/v7e-m+dp/hard\libgcc.a(_dvmd_tls.o)
                0x0800068c                __aeabi_idiv0
                0x0800068c                __aeabi_ldiv0
 *(.text*)
 .text.MX_ADC1_Init
                0x08000690       0xf0 ./Core/Src/adc.o
                0x08000690                MX_ADC1_Init
 .text.HAL_ADC_MspInit
                0x08000780       0xe4 ./Core/Src/adc.o
                0x08000780                HAL_ADC_MspInit
 .text.vCopyBuffer
                0x08000864       0x40 ./Core/Src/freertos.o
                0x08000864                vCopyBuffer
 .text.vADC_Acquire
                0x080008a4       0x68 ./Core/Src/freertos.o
                0x080008a4                vADC_Acquire
 .text.vFrequencyEstimationTask
                0x0800090c       0xd8 ./Core/Src/freertos.o
                0x0800090c                vFrequencyEstimationTask
 .text.vSerialPrintTask
                0x080009e4       0x5c ./Core/Src/freertos.o
                0x080009e4                vSerialPrintTask
 .text.MX_FREERTOS_Init
                0x08000a40       0xb8 ./Core/Src/freertos.o
                0x08000a40                MX_FREERTOS_Init
 .text.StartDefaultTask
                0x08000af8       0x10 ./Core/Src/freertos.o
                0x08000af8                StartDefaultTask
 .text.MX_GPIO_Init
                0x08000b08      0x234 ./Core/Src/gpio.o
                0x08000b08                MX_GPIO_Init
 .text.main     0x08000d3c       0x2c ./Core/Src/main.o
                0x08000d3c                main
 .text.SystemClock_Config
                0x08000d68       0xec ./Core/Src/main.o
                0x08000d68                SystemClock_Config
 .text.HAL_TIM_PeriodElapsedCallback
                0x08000e54       0x24 ./Core/Src/main.o
                0x08000e54                HAL_TIM_PeriodElapsedCallback
 .text.Error_Handler
                0x08000e78        0xc ./Core/Src/main.o
                0x08000e78                Error_Handler
 .text.HAL_MspInit
                0x08000e84       0x3c ./Core/Src/stm32h7xx_hal_msp.o
                0x08000e84                HAL_MspInit
 .text.HAL_InitTick
                0x08000ec0       0xd8 ./Core/Src/stm32h7xx_hal_timebase_tim.o
                0x08000ec0                HAL_InitTick
 .text.NMI_Handler
                0x08000f98        0x8 ./Core/Src/stm32h7xx_it.o
                0x08000f98                NMI_Handler
 .text.HardFault_Handler
                0x08000fa0        0x8 ./Core/Src/stm32h7xx_it.o
                0x08000fa0                HardFault_Handler
 .text.MemManage_Handler
                0x08000fa8        0x8 ./Core/Src/stm32h7xx_it.o
                0x08000fa8                MemManage_Handler
 .text.BusFault_Handler
                0x08000fb0        0x8 ./Core/Src/stm32h7xx_it.o
                0x08000fb0                BusFault_Handler
 .text.UsageFault_Handler
                0x08000fb8        0x8 ./Core/Src/stm32h7xx_it.o
                0x08000fb8                UsageFault_Handler
 .text.DebugMon_Handler
                0x08000fc0        0xe ./Core/Src/stm32h7xx_it.o
                0x08000fc0                DebugMon_Handler
 *fill*         0x08000fce        0x2 
 .text.TIM6_DAC_IRQHandler
                0x08000fd0       0x14 ./Core/Src/stm32h7xx_it.o
                0x08000fd0                TIM6_DAC_IRQHandler
 .text._getpid  0x08000fe4       0x10 ./Core/Src/syscalls.o
                0x08000fe4                _getpid
 .text._kill    0x08000ff4       0x20 ./Core/Src/syscalls.o
                0x08000ff4                _kill
 .text._exit    0x08001014       0x16 ./Core/Src/syscalls.o
                0x08001014                _exit
 .text._read    0x0800102a       0x3a ./Core/Src/syscalls.o
                0x0800102a                _read
 .text._write   0x08001064       0x38 ./Core/Src/syscalls.o
                0x08001064                _write
 .text._close   0x0800109c       0x18 ./Core/Src/syscalls.o
                0x0800109c                _close
 .text._fstat   0x080010b4       0x20 ./Core/Src/syscalls.o
                0x080010b4                _fstat
 .text._isatty  0x080010d4       0x16 ./Core/Src/syscalls.o
                0x080010d4                _isatty
 .text._lseek   0x080010ea       0x1a ./Core/Src/syscalls.o
                0x080010ea                _lseek
 .text._sbrk    0x08001104       0x6c ./Core/Src/sysmem.o
                0x08001104                _sbrk
 .text.SystemInit
                0x08001170       0xf0 ./Core/Src/system_stm32h7xx.o
                0x08001170                SystemInit
 .text.MX_USART3_UART_Init
                0x08001260       0x98 ./Core/Src/usart.o
                0x08001260                MX_USART3_UART_Init
 .text.HAL_UART_MspInit
                0x080012f8       0xd4 ./Core/Src/usart.o
                0x080012f8                HAL_UART_MspInit
 .text.__io_putchar
                0x080013cc       0x24 ./Core/Src/usart.o
                0x080013cc                __io_putchar
 .text.MX_USB_OTG_HS_USB_Init
                0x080013f0        0xe ./Core/Src/usb_otg.o
                0x080013f0                MX_USB_OTG_HS_USB_Init
 *fill*         0x080013fe        0x2 
 .text.Reset_Handler
                0x08001400       0x50 ./Core/Startup/startup_stm32h7a3zitxq.o
                0x08001400                Reset_Handler
 .text.Default_Handler
                0x08001450        0x2 ./Core/Startup/startup_stm32h7a3zitxq.o
                0x08001450                RTC_Alarm_IRQHandler
                0x08001450                EXTI2_IRQHandler
                0x08001450                TIM8_CC_IRQHandler
                0x08001450                UART8_IRQHandler
                0x08001450                BDMA2_Channel1_IRQHandler
                0x08001450                SPI4_IRQHandler
                0x08001450                BDMA2_Channel0_IRQHandler
                0x08001450                TIM1_CC_IRQHandler
                0x08001450                DMA2_Stream5_IRQHandler
                0x08001450                JPEG_IRQHandler
                0x08001450                DMA1_Stream5_IRQHandler
                0x08001450                EXTI3_IRQHandler
                0x08001450                LPTIM4_IRQHandler
                0x08001450                TIM8_TRG_COM_TIM14_IRQHandler
                0x08001450                LPTIM2_IRQHandler
                0x08001450                DFSDM1_FLT1_IRQHandler
                0x08001450                DMAMUX2_OVR_IRQHandler
                0x08001450                GFXMMU_IRQHandler
                0x08001450                TIM8_UP_TIM13_IRQHandler
                0x08001450                I2C3_ER_IRQHandler
                0x08001450                DFSDM1_FLT2_IRQHandler
                0x08001450                USART10_IRQHandler
                0x08001450                MDMA_IRQHandler
                0x08001450                LPTIM3_IRQHandler
                0x08001450                BDMA2_Channel3_IRQHandler
                0x08001450                HSEM1_IRQHandler
                0x08001450                EXTI0_IRQHandler
                0x08001450                I2C2_EV_IRQHandler
                0x08001450                DAC2_IRQHandler
                0x08001450                DMA1_Stream2_IRQHandler
                0x08001450                FPU_IRQHandler
                0x08001450                OTG_HS_WKUP_IRQHandler
                0x08001450                FDCAN1_IT1_IRQHandler
                0x08001450                LTDC_ER_IRQHandler
                0x08001450                DMA2_Stream2_IRQHandler
                0x08001450                SPI1_IRQHandler
                0x08001450                OCTOSPI1_IRQHandler
                0x08001450                BDMA2_Channel6_IRQHandler
                0x08001450                DMA2_Stream3_IRQHandler
                0x08001450                OCTOSPI2_IRQHandler
                0x08001450                SAI2_IRQHandler
                0x08001450                BDMA1_IRQHandler
                0x08001450                DFSDM1_FLT3_IRQHandler
                0x08001450                USART6_IRQHandler
                0x08001450                TIM17_IRQHandler
                0x08001450                USART3_IRQHandler
                0x08001450                LPTIM5_IRQHandler
                0x08001450                UART5_IRQHandler
                0x08001450                DMA2_Stream0_IRQHandler
                0x08001450                TIM4_IRQHandler
                0x08001450                I2C1_EV_IRQHandler
                0x08001450                DMA1_Stream6_IRQHandler
                0x08001450                DMAMUX1_OVR_IRQHandler
                0x08001450                DMA1_Stream1_IRQHandler
                0x08001450                TIM16_IRQHandler
                0x08001450                UART4_IRQHandler
                0x08001450                TIM3_IRQHandler
                0x08001450                RCC_IRQHandler
                0x08001450                UART9_IRQHandler
                0x08001450                TIM8_BRK_TIM12_IRQHandler
                0x08001450                TIM1_TRG_COM_IRQHandler
                0x08001450                Default_Handler
                0x08001450                ECC_IRQHandler
                0x08001450                BDMA2_Channel2_IRQHandler
                0x08001450                CEC_IRQHandler
                0x08001450                EXTI15_10_IRQHandler
                0x08001450                DFSDM1_FLT4_IRQHandler
                0x08001450                ADC_IRQHandler
                0x08001450                DMA1_Stream7_IRQHandler
                0x08001450                SPI5_IRQHandler
                0x08001450                TIM7_IRQHandler
                0x08001450                SDMMC1_IRQHandler
                0x08001450                TIM5_IRQHandler
                0x08001450                DMA2_Stream7_IRQHandler
                0x08001450                TIM15_IRQHandler
                0x08001450                I2C3_EV_IRQHandler
                0x08001450                DFSDM2_IRQHandler
                0x08001450                EXTI9_5_IRQHandler
                0x08001450                RTC_WKUP_IRQHandler
                0x08001450                LTDC_IRQHandler
                0x08001450                SPDIF_RX_IRQHandler
                0x08001450                PVD_PVM_IRQHandler
                0x08001450                SPI2_IRQHandler
                0x08001450                OTG_HS_EP1_IN_IRQHandler
                0x08001450                DFSDM1_FLT5_IRQHandler
                0x08001450                DMA1_Stream0_IRQHandler
                0x08001450                CRS_IRQHandler
                0x08001450                EXTI4_IRQHandler
                0x08001450                DFSDM1_FLT6_IRQHandler
                0x08001450                RNG_IRQHandler
                0x08001450                FDCAN2_IT1_IRQHandler
                0x08001450                COMP_IRQHandler
                0x08001450                TIM1_UP_IRQHandler
                0x08001450                OTG_HS_EP1_OUT_IRQHandler
                0x08001450                WWDG_IRQHandler
                0x08001450                SPI6_IRQHandler
                0x08001450                MDIOS_IRQHandler
                0x08001450                I2C4_EV_IRQHandler
                0x08001450                FDCAN2_IT0_IRQHandler
                0x08001450                LPUART1_IRQHandler
                0x08001450                FDCAN1_IT0_IRQHandler
                0x08001450                TIM2_IRQHandler
                0x08001450                BDMA2_Channel5_IRQHandler
                0x08001450                OTG_HS_IRQHandler
                0x08001450                DMA2D_IRQHandler
                0x08001450                TIM1_BRK_IRQHandler
                0x08001450                EXTI1_IRQHandler
                0x08001450                SDMMC2_IRQHandler
                0x08001450                DTS_IRQHandler
                0x08001450                UART7_IRQHandler
                0x08001450                MDIOS_WKUP_IRQHandler
                0x08001450                USART2_IRQHandler
                0x08001450                DFSDM1_FLT0_IRQHandler
                0x08001450                I2C2_ER_IRQHandler
                0x08001450                DMA2_Stream1_IRQHandler
                0x08001450                DFSDM1_FLT7_IRQHandler
                0x08001450                FLASH_IRQHandler
                0x08001450                DMA2_Stream4_IRQHandler
                0x08001450                USART1_IRQHandler
                0x08001450                SPI3_IRQHandler
                0x08001450                WAKEUP_PIN_IRQHandler
                0x08001450                DMA1_Stream4_IRQHandler
                0x08001450                I2C1_ER_IRQHandler
                0x08001450                FMC_IRQHandler
                0x08001450                BDMA2_Channel7_IRQHandler
                0x08001450                FDCAN_CAL_IRQHandler
                0x08001450                SWPMI1_IRQHandler
                0x08001450                LPTIM1_IRQHandler
                0x08001450                DCMI_PSSI_IRQHandler
                0x08001450                I2C4_ER_IRQHandler
                0x08001450                DMA2_Stream6_IRQHandler
                0x08001450                SAI1_IRQHandler
                0x08001450                DMA1_Stream3_IRQHandler
                0x08001450                RTC_TAMP_STAMP_CSS_LSE_IRQHandler
                0x08001450                BDMA2_Channel4_IRQHandler
 *fill*         0x08001452        0x2 
 .text.HAL_Init
                0x08001454       0x78 ./Drivers/STM32H7xx_HAL_Driver/Src/stm32h7xx_hal.o
                0x08001454                HAL_Init
 .text.HAL_IncTick
                0x080014cc       0x28 ./Drivers/STM32H7xx_HAL_Driver/Src/stm32h7xx_hal.o
                0x080014cc                HAL_IncTick
 .text.HAL_GetTick
                0x080014f4       0x18 ./Drivers/STM32H7xx_HAL_Driver/Src/stm32h7xx_hal.o
                0x080014f4                HAL_GetTick
 .text.LL_ADC_SetCommonClock
                0x0800150c       0x26 ./Drivers/STM32H7xx_HAL_Driver/Src/stm32h7xx_hal_adc.o
 .text.LL_ADC_SetCommonPathInternalCh
                0x08001532       0x26 ./Drivers/STM32H7xx_HAL_Driver/Src/stm32h7xx_hal_adc.o
 .text.LL_ADC_GetCommonPathInternalCh
                0x08001558       0x1c ./Drivers/STM32H7xx_HAL_Driver/Src/stm32h7xx_hal_adc.o
 .text.LL_ADC_SetOffset
                0x08001574       0x40 ./Drivers/STM32H7xx_HAL_Driver/Src/stm32h7xx_hal_adc.o
 .text.LL_ADC_SetDataRightShift
                0x080015b4       0x32 ./Drivers/STM32H7xx_HAL_Driver/Src/stm32h7xx_hal_adc.o
 .text.LL_ADC_SetOffsetSignedSaturation
                0x080015e6       0x36 ./Drivers/STM32H7xx_HAL_Driver/Src/stm32h7xx_hal_adc.o
 .text.LL_ADC_REG_IsTriggerSourceSWStart
                0x0800161c       0x26 ./Drivers/STM32H7xx_HAL_Driver/Src/stm32h7xx_hal_adc.o
 .text.LL_ADC_REG_SetSequencerRanks
                0x08001642       0x58 ./Drivers/STM32H7xx_HAL_Driver/Src/stm32h7xx_hal_adc.o
 .text.LL_ADC_SetChannelSamplingTime
                0x0800169a       0x56 ./Drivers/STM32H7xx_HAL_Driver/Src/stm32h7xx_hal_adc.o
 .text.LL_ADC_SetChannelSingleDiff
                0x080016f0       0x48 ./Drivers/STM32H7xx_HAL_Driver/Src/stm32h7xx_hal_adc.o
 .text.LL_ADC_GetMultimode
                0x08001738       0x1c ./Drivers/STM32H7xx_HAL_Driver/Src/stm32h7xx_hal_adc.o
 .text.LL_ADC_GetMultiDMATransfer
                0x08001754       0x1c ./Drivers/STM32H7xx_HAL_Driver/Src/stm32h7xx_hal_adc.o
 .text.LL_ADC_DisableDeepPowerDown
                0x08001770       0x24 ./Drivers/STM32H7xx_HAL_Driver/Src/stm32h7xx_hal_adc.o
 .text.LL_ADC_IsDeepPowerDownEnabled
                0x08001794       0x28 ./Drivers/STM32H7xx_HAL_Driver/Src/stm32h7xx_hal_adc.o
 .text.LL_ADC_EnableInternalRegulator
                0x080017bc       0x28 ./Drivers/STM32H7xx_HAL_Driver/Src/stm32h7xx_hal_adc.o
 .text.LL_ADC_IsInternalRegulatorEnabled
                0x080017e4       0x28 ./Drivers/STM32H7xx_HAL_Driver/Src/stm32h7xx_hal_adc.o
 .text.LL_ADC_Enable
                0x0800180c       0x28 ./Drivers/STM32H7xx_HAL_Driver/Src/stm32h7xx_hal_adc.o
 .text.LL_ADC_IsEnabled
                0x08001834       0x26 ./Drivers/STM32H7xx_HAL_Driver/Src/stm32h7xx_hal_adc.o
 *fill*         0x0800185a        0x2 
 .text.LL_ADC_REG_StartConversion
                0x0800185c       0x28 ./Drivers/STM32H7xx_HAL_Driver/Src/stm32h7xx_hal_adc.o
 .text.LL_ADC_REG_IsConversionOngoing
                0x08001884       0x26 ./Drivers/STM32H7xx_HAL_Driver/Src/stm32h7xx_hal_adc.o
 .text.LL_ADC_INJ_IsConversionOngoing
                0x080018aa       0x26 ./Drivers/STM32H7xx_HAL_Driver/Src/stm32h7xx_hal_adc.o
 .text.HAL_ADC_Init
                0x080018d0      0x2b4 ./Drivers/STM32H7xx_HAL_Driver/Src/stm32h7xx_hal_adc.o
                0x080018d0                HAL_ADC_Init
 .text.HAL_ADC_Start
                0x08001b84      0x174 ./Drivers/STM32H7xx_HAL_Driver/Src/stm32h7xx_hal_adc.o
                0x08001b84                HAL_ADC_Start
 .text.HAL_ADC_PollForConversion
                0x08001cf8      0x1b0 ./Drivers/STM32H7xx_HAL_Driver/Src/stm32h7xx_hal_adc.o
                0x08001cf8                HAL_ADC_PollForConversion
 .text.HAL_ADC_GetValue
                0x08001ea8       0x1a ./Drivers/STM32H7xx_HAL_Driver/Src/stm32h7xx_hal_adc.o
                0x08001ea8                HAL_ADC_GetValue
 *fill*         0x08001ec2        0x2 
 .text.HAL_ADC_ConfigChannel
                0x08001ec4      0x5d4 ./Drivers/STM32H7xx_HAL_Driver/Src/stm32h7xx_hal_adc.o
                0x08001ec4                HAL_ADC_ConfigChannel
 .text.ADC_Enable
                0x08002498       0xf8 ./Drivers/STM32H7xx_HAL_Driver/Src/stm32h7xx_hal_adc.o
                0x08002498                ADC_Enable
 .text.ADC_ConfigureBoostMode
                0x08002590      0x19c ./Drivers/STM32H7xx_HAL_Driver/Src/stm32h7xx_hal_adc.o
                0x08002590                ADC_ConfigureBoostMode
 .text.LL_ADC_IsEnabled
                0x0800272c       0x26 ./Drivers/STM32H7xx_HAL_Driver/Src/stm32h7xx_hal_adc_ex.o
 .text.LL_ADC_REG_IsConversionOngoing
                0x08002752       0x26 ./Drivers/STM32H7xx_HAL_Driver/Src/stm32h7xx_hal_adc_ex.o
 .text.HAL_ADCEx_MultiModeConfigChannel
                0x08002778      0x138 ./Drivers/STM32H7xx_HAL_Driver/Src/stm32h7xx_hal_adc_ex.o
                0x08002778                HAL_ADCEx_MultiModeConfigChannel
 .text.__NVIC_SetPriorityGrouping
                0x080028b0       0x48 ./Drivers/STM32H7xx_HAL_Driver/Src/stm32h7xx_hal_cortex.o
 .text.__NVIC_GetPriorityGrouping
                0x080028f8       0x1c ./Drivers/STM32H7xx_HAL_Driver/Src/stm32h7xx_hal_cortex.o
 .text.__NVIC_EnableIRQ
                0x08002914       0x3c ./Drivers/STM32H7xx_HAL_Driver/Src/stm32h7xx_hal_cortex.o
 .text.__NVIC_SetPriority
                0x08002950       0x54 ./Drivers/STM32H7xx_HAL_Driver/Src/stm32h7xx_hal_cortex.o
 .text.NVIC_EncodePriority
                0x080029a4       0x66 ./Drivers/STM32H7xx_HAL_Driver/Src/stm32h7xx_hal_cortex.o
 .text.HAL_NVIC_SetPriorityGrouping
                0x08002a0a       0x16 ./Drivers/STM32H7xx_HAL_Driver/Src/stm32h7xx_hal_cortex.o
                0x08002a0a                HAL_NVIC_SetPriorityGrouping
 .text.HAL_NVIC_SetPriority
                0x08002a20       0x34 ./Drivers/STM32H7xx_HAL_Driver/Src/stm32h7xx_hal_cortex.o
                0x08002a20                HAL_NVIC_SetPriority
 .text.HAL_NVIC_EnableIRQ
                0x08002a54       0x1c ./Drivers/STM32H7xx_HAL_Driver/Src/stm32h7xx_hal_cortex.o
                0x08002a54                HAL_NVIC_EnableIRQ
 .text.HAL_GPIO_Init
                0x08002a70      0x360 ./Drivers/STM32H7xx_HAL_Driver/Src/stm32h7xx_hal_gpio.o
                0x08002a70                HAL_GPIO_Init
 .text.HAL_GPIO_WritePin
                0x08002dd0       0x32 ./Drivers/STM32H7xx_HAL_Driver/Src/stm32h7xx_hal_gpio.o
                0x08002dd0                HAL_GPIO_WritePin
 *fill*         0x08002e02        0x2 
 .text.HAL_PWREx_ConfigSupply
                0x08002e04       0xb4 ./Drivers/STM32H7xx_HAL_Driver/Src/stm32h7xx_hal_pwr_ex.o
                0x08002e04                HAL_PWREx_ConfigSupply
 .text.HAL_RCC_OscConfig
                0x08002eb8      0x864 ./Drivers/STM32H7xx_HAL_Driver/Src/stm32h7xx_hal_rcc.o
                0x08002eb8                HAL_RCC_OscConfig
 .text.HAL_RCC_ClockConfig
                0x0800371c      0x36c ./Drivers/STM32H7xx_HAL_Driver/Src/stm32h7xx_hal_rcc.o
                0x0800371c                HAL_RCC_ClockConfig
 .text.HAL_RCC_GetSysClockFreq
                0x08003a88      0x2f4 ./Drivers/STM32H7xx_HAL_Driver/Src/stm32h7xx_hal_rcc.o
                0x08003a88                HAL_RCC_GetSysClockFreq
 .text.HAL_RCC_GetHCLKFreq
                0x08003d7c       0x60 ./Drivers/STM32H7xx_HAL_Driver/Src/stm32h7xx_hal_rcc.o
                0x08003d7c                HAL_RCC_GetHCLKFreq
 .text.HAL_RCC_GetPCLK1Freq
                0x08003ddc       0x2c ./Drivers/STM32H7xx_HAL_Driver/Src/stm32h7xx_hal_rcc.o
                0x08003ddc                HAL_RCC_GetPCLK1Freq
 .text.HAL_RCC_GetPCLK2Freq
                0x08003e08       0x2c ./Drivers/STM32H7xx_HAL_Driver/Src/stm32h7xx_hal_rcc.o
                0x08003e08                HAL_RCC_GetPCLK2Freq
 .text.HAL_RCC_GetClockConfig
                0x08003e34       0x84 ./Drivers/STM32H7xx_HAL_Driver/Src/stm32h7xx_hal_rcc.o
                0x08003e34                HAL_RCC_GetClockConfig
 .text.HAL_RCCEx_PeriphCLKConfig
                0x08003eb8     0x137c ./Drivers/STM32H7xx_HAL_Driver/Src/stm32h7xx_hal_rcc_ex.o
                0x08003eb8                HAL_RCCEx_PeriphCLKConfig
 .text.HAL_RCCEx_GetPeriphCLKFreq
                0x08005234      0x9b0 ./Drivers/STM32H7xx_HAL_Driver/Src/stm32h7xx_hal_rcc_ex.o
                0x08005234                HAL_RCCEx_GetPeriphCLKFreq
 .text.HAL_RCCEx_GetD3PCLK1Freq
                0x08005be4       0x2c ./Drivers/STM32H7xx_HAL_Driver/Src/stm32h7xx_hal_rcc_ex.o
                0x08005be4                HAL_RCCEx_GetD3PCLK1Freq
 .text.HAL_RCCEx_GetPLL2ClockFreq
                0x08005c10      0x2a8 ./Drivers/STM32H7xx_HAL_Driver/Src/stm32h7xx_hal_rcc_ex.o
                0x08005c10                HAL_RCCEx_GetPLL2ClockFreq
 .text.HAL_RCCEx_GetPLL3ClockFreq
                0x08005eb8      0x2a8 ./Drivers/STM32H7xx_HAL_Driver/Src/stm32h7xx_hal_rcc_ex.o
                0x08005eb8                HAL_RCCEx_GetPLL3ClockFreq
 .text.HAL_RCCEx_GetPLL1ClockFreq
                0x08006160      0x2a4 ./Drivers/STM32H7xx_HAL_Driver/Src/stm32h7xx_hal_rcc_ex.o
                0x08006160                HAL_RCCEx_GetPLL1ClockFreq
 .text.RCCEx_PLL2_Config
                0x08006404      0x164 ./Drivers/STM32H7xx_HAL_Driver/Src/stm32h7xx_hal_rcc_ex.o
 .text.RCCEx_PLL3_Config
                0x08006568      0x164 ./Drivers/STM32H7xx_HAL_Driver/Src/stm32h7xx_hal_rcc_ex.o
 .text.HAL_TIM_Base_Init
                0x080066cc       0xae ./Drivers/STM32H7xx_HAL_Driver/Src/stm32h7xx_hal_tim.o
                0x080066cc                HAL_TIM_Base_Init
 .text.HAL_TIM_Base_MspInit
                0x0800677a       0x14 ./Drivers/STM32H7xx_HAL_Driver/Src/stm32h7xx_hal_tim.o
                0x0800677a                HAL_TIM_Base_MspInit
 *fill*         0x0800678e        0x2 
 .text.HAL_TIM_Base_Start_IT
                0x08006790       0xf0 ./Drivers/STM32H7xx_HAL_Driver/Src/stm32h7xx_hal_tim.o
                0x08006790                HAL_TIM_Base_Start_IT
 .text.HAL_TIM_IRQHandler
                0x08006880      0x20e ./Drivers/STM32H7xx_HAL_Driver/Src/stm32h7xx_hal_tim.o
                0x08006880                HAL_TIM_IRQHandler
 .text.HAL_TIM_OC_DelayElapsedCallback
                0x08006a8e       0x14 ./Drivers/STM32H7xx_HAL_Driver/Src/stm32h7xx_hal_tim.o
                0x08006a8e                HAL_TIM_OC_DelayElapsedCallback
 .text.HAL_TIM_IC_CaptureCallback
                0x08006aa2       0x14 ./Drivers/STM32H7xx_HAL_Driver/Src/stm32h7xx_hal_tim.o
                0x08006aa2                HAL_TIM_IC_CaptureCallback
 .text.HAL_TIM_PWM_PulseFinishedCallback
                0x08006ab6       0x14 ./Drivers/STM32H7xx_HAL_Driver/Src/stm32h7xx_hal_tim.o
                0x08006ab6                HAL_TIM_PWM_PulseFinishedCallback
 .text.HAL_TIM_TriggerCallback
                0x08006aca       0x14 ./Drivers/STM32H7xx_HAL_Driver/Src/stm32h7xx_hal_tim.o
                0x08006aca                HAL_TIM_TriggerCallback
 *fill*         0x08006ade        0x2 
 .text.TIM_Base_SetConfig
                0x08006ae0      0x14c ./Drivers/STM32H7xx_HAL_Driver/Src/stm32h7xx_hal_tim.o
                0x08006ae0                TIM_Base_SetConfig
 .text.HAL_TIMEx_CommutCallback
                0x08006c2c       0x14 ./Drivers/STM32H7xx_HAL_Driver/Src/stm32h7xx_hal_tim_ex.o
                0x08006c2c                HAL_TIMEx_CommutCallback
 .text.HAL_TIMEx_BreakCallback
                0x08006c40       0x14 ./Drivers/STM32H7xx_HAL_Driver/Src/stm32h7xx_hal_tim_ex.o
                0x08006c40                HAL_TIMEx_BreakCallback
 .text.HAL_TIMEx_Break2Callback
                0x08006c54       0x14 ./Drivers/STM32H7xx_HAL_Driver/Src/stm32h7xx_hal_tim_ex.o
                0x08006c54                HAL_TIMEx_Break2Callback
 .text.HAL_UART_Init
                0x08006c68       0xa0 ./Drivers/STM32H7xx_HAL_Driver/Src/stm32h7xx_hal_uart.o
                0x08006c68                HAL_UART_Init
 .text.HAL_UART_Transmit
                0x08006d08      0x11c ./Drivers/STM32H7xx_HAL_Driver/Src/stm32h7xx_hal_uart.o
                0x08006d08                HAL_UART_Transmit
 .text.UART_SetConfig
                0x08006e24      0xcd8 ./Drivers/STM32H7xx_HAL_Driver/Src/stm32h7xx_hal_uart.o
                0x08006e24                UART_SetConfig
 .text.UART_AdvFeatureConfig
                0x08007afc      0x144 ./Drivers/STM32H7xx_HAL_Driver/Src/stm32h7xx_hal_uart.o
                0x08007afc                UART_AdvFeatureConfig
 .text.UART_CheckIdleState
                0x08007c40      0x154 ./Drivers/STM32H7xx_HAL_Driver/Src/stm32h7xx_hal_uart.o
                0x08007c40                UART_CheckIdleState
 .text.UART_WaitOnFlagUntilTimeout
                0x08007d94       0xda ./Drivers/STM32H7xx_HAL_Driver/Src/stm32h7xx_hal_uart.o
                0x08007d94                UART_WaitOnFlagUntilTimeout
 *fill*         0x08007e6e        0x2 
 .text.UART_EndRxTransfer
                0x08007e70       0xcc ./Drivers/STM32H7xx_HAL_Driver/Src/stm32h7xx_hal_uart.o
 .text.HAL_UARTEx_DisableFifoMode
                0x08007f3c       0x72 ./Drivers/STM32H7xx_HAL_Driver/Src/stm32h7xx_hal_uart_ex.o
                0x08007f3c                HAL_UARTEx_DisableFifoMode
 .text.HAL_UARTEx_SetTxFifoThreshold
                0x08007fae       0x7c ./Drivers/STM32H7xx_HAL_Driver/Src/stm32h7xx_hal_uart_ex.o
                0x08007fae                HAL_UARTEx_SetTxFifoThreshold
 .text.HAL_UARTEx_SetRxFifoThreshold
                0x0800802a       0x7c ./Drivers/STM32H7xx_HAL_Driver/Src/stm32h7xx_hal_uart_ex.o
                0x0800802a                HAL_UARTEx_SetRxFifoThreshold
 *fill*         0x080080a6        0x2 
 .text.UARTEx_SetNbDataToProcess
                0x080080a8       0x9c ./Drivers/STM32H7xx_HAL_Driver/Src/stm32h7xx_hal_uart_ex.o
 .text.__NVIC_SetPriority
                0x08008144       0x54 ./Middlewares/Third_Party/FreeRTOS/Source/CMSIS_RTOS_V2/cmsis_os2.o
 .text.SysTick_Handler
                0x08008198       0x20 ./Middlewares/Third_Party/FreeRTOS/Source/CMSIS_RTOS_V2/cmsis_os2.o
                0x08008198                SysTick_Handler
 .text.SVC_Setup
                0x080081b8       0x12 ./Middlewares/Third_Party/FreeRTOS/Source/CMSIS_RTOS_V2/cmsis_os2.o
 *fill*         0x080081ca        0x2 
 .text.osKernelInitialize
                0x080081cc       0x48 ./Middlewares/Third_Party/FreeRTOS/Source/CMSIS_RTOS_V2/cmsis_os2.o
                0x080081cc                osKernelInitialize
 .text.osKernelStart
                0x08008214       0x4c ./Middlewares/Third_Party/FreeRTOS/Source/CMSIS_RTOS_V2/cmsis_os2.o
                0x08008214                osKernelStart
 .text.osThreadNew
                0x08008260      0x124 ./Middlewares/Third_Party/FreeRTOS/Source/CMSIS_RTOS_V2/cmsis_os2.o
                0x08008260                osThreadNew
 .text.osDelay  0x08008384       0x36 ./Middlewares/Third_Party/FreeRTOS/Source/CMSIS_RTOS_V2/cmsis_os2.o
                0x08008384                osDelay
 .text.TimerCallback
                0x080083ba       0x2a ./Middlewares/Third_Party/FreeRTOS/Source/CMSIS_RTOS_V2/cmsis_os2.o
 .text.osTimerNew
                0x080083e4       0xf8 ./Middlewares/Third_Party/FreeRTOS/Source/CMSIS_RTOS_V2/cmsis_os2.o
                0x080083e4                osTimerNew
 .text.osTimerStart
                0x080084dc       0x5c ./Middlewares/Third_Party/FreeRTOS/Source/CMSIS_RTOS_V2/cmsis_os2.o
                0x080084dc                osTimerStart
 .text.osSemaphoreNew
                0x08008538      0x112 ./Middlewares/Third_Party/FreeRTOS/Source/CMSIS_RTOS_V2/cmsis_os2.o
                0x08008538                osSemaphoreNew
 *fill*         0x0800864a        0x2 
 .text.osSemaphoreAcquire
                0x0800864c       0xa4 ./Middlewares/Third_Party/FreeRTOS/Source/CMSIS_RTOS_V2/cmsis_os2.o
                0x0800864c                osSemaphoreAcquire
 .text.osSemaphoreRelease
                0x080086f0       0x88 ./Middlewares/Third_Party/FreeRTOS/Source/CMSIS_RTOS_V2/cmsis_os2.o
                0x080086f0                osSemaphoreRelease
 .text.osMessageQueueNew
                0x08008778       0xe6 ./Middlewares/Third_Party/FreeRTOS/Source/CMSIS_RTOS_V2/cmsis_os2.o
                0x08008778                osMessageQueueNew
 *fill*         0x0800885e        0x2 
 .text.osMessageQueuePut
                0x08008860       0xc0 ./Middlewares/Third_Party/FreeRTOS/Source/CMSIS_RTOS_V2/cmsis_os2.o
                0x08008860                osMessageQueuePut
 .text.osMessageQueueGet
                0x08008920       0xbc ./Middlewares/Third_Party/FreeRTOS/Source/CMSIS_RTOS_V2/cmsis_os2.o
                0x08008920                osMessageQueueGet
 .text.vApplicationGetIdleTaskMemory
                0x080089dc       0x34 ./Middlewares/Third_Party/FreeRTOS/Source/CMSIS_RTOS_V2/cmsis_os2.o
                0x080089dc                vApplicationGetIdleTaskMemory
 .text.vApplicationGetTimerTaskMemory
                0x08008a10       0x34 ./Middlewares/Third_Party/FreeRTOS/Source/CMSIS_RTOS_V2/cmsis_os2.o
                0x08008a10                vApplicationGetTimerTaskMemory
 .text.vListInitialise
                0x08008a44       0x40 ./Middlewares/Third_Party/FreeRTOS/Source/list.o
                0x08008a44                vListInitialise
 .text.vListInitialiseItem
                0x08008a84       0x1a ./Middlewares/Third_Party/FreeRTOS/Source/list.o
                0x08008a84                vListInitialiseItem
 .text.vListInsertEnd
                0x08008a9e       0x48 ./Middlewares/Third_Party/FreeRTOS/Source/list.o
                0x08008a9e                vListInsertEnd
 .text.vListInsert
                0x08008ae6       0x72 ./Middlewares/Third_Party/FreeRTOS/Source/list.o
                0x08008ae6                vListInsert
 .text.uxListRemove
                0x08008b58       0x54 ./Middlewares/Third_Party/FreeRTOS/Source/list.o
                0x08008b58                uxListRemove
 .text.xQueueGenericReset
                0x08008bac       0xd4 ./Middlewares/Third_Party/FreeRTOS/Source/queue.o
                0x08008bac                xQueueGenericReset
 .text.xQueueGenericCreateStatic
                0x08008c80       0xfa ./Middlewares/Third_Party/FreeRTOS/Source/queue.o
                0x08008c80                xQueueGenericCreateStatic
 .text.xQueueGenericCreate
                0x08008d7a       0x76 ./Middlewares/Third_Party/FreeRTOS/Source/queue.o
                0x08008d7a                xQueueGenericCreate
 .text.prvInitialiseNewQueue
                0x08008df0       0x46 ./Middlewares/Third_Party/FreeRTOS/Source/queue.o
 .text.xQueueCreateCountingSemaphoreStatic
                0x08008e36       0x72 ./Middlewares/Third_Party/FreeRTOS/Source/queue.o
                0x08008e36                xQueueCreateCountingSemaphoreStatic
 .text.xQueueCreateCountingSemaphore
                0x08008ea8       0x6a ./Middlewares/Third_Party/FreeRTOS/Source/queue.o
                0x08008ea8                xQueueCreateCountingSemaphore
 *fill*         0x08008f12        0x2 
 .text.xQueueGenericSend
                0x08008f14      0x204 ./Middlewares/Third_Party/FreeRTOS/Source/queue.o
                0x08008f14                xQueueGenericSend
 .text.xQueueGenericSendFromISR
                0x08009118      0x13c ./Middlewares/Third_Party/FreeRTOS/Source/queue.o
                0x08009118                xQueueGenericSendFromISR
 .text.xQueueGiveFromISR
                0x08009254      0x120 ./Middlewares/Third_Party/FreeRTOS/Source/queue.o
                0x08009254                xQueueGiveFromISR
 .text.xQueueReceive
                0x08009374      0x1c4 ./Middlewares/Third_Party/FreeRTOS/Source/queue.o
                0x08009374                xQueueReceive
 .text.xQueueSemaphoreTake
                0x08009538      0x220 ./Middlewares/Third_Party/FreeRTOS/Source/queue.o
                0x08009538                xQueueSemaphoreTake
 .text.xQueueReceiveFromISR
                0x08009758      0x104 ./Middlewares/Third_Party/FreeRTOS/Source/queue.o
                0x08009758                xQueueReceiveFromISR
 .text.vQueueDelete
                0x0800985c       0x48 ./Middlewares/Third_Party/FreeRTOS/Source/queue.o
                0x0800985c                vQueueDelete
 .text.prvGetDisinheritPriorityAfterTimeout
                0x080098a4       0x30 ./Middlewares/Third_Party/FreeRTOS/Source/queue.o
 .text.prvCopyDataToQueue
                0x080098d4       0xd4 ./Middlewares/Third_Party/FreeRTOS/Source/queue.o
 .text.prvCopyDataFromQueue
                0x080099a8       0x4c ./Middlewares/Third_Party/FreeRTOS/Source/queue.o
 .text.prvUnlockQueue
                0x080099f4       0xa4 ./Middlewares/Third_Party/FreeRTOS/Source/queue.o
 .text.prvIsQueueEmpty
                0x08009a98       0x2c ./Middlewares/Third_Party/FreeRTOS/Source/queue.o
 .text.prvIsQueueFull
                0x08009ac4       0x30 ./Middlewares/Third_Party/FreeRTOS/Source/queue.o
 .text.vQueueAddToRegistry
                0x08009af4       0x54 ./Middlewares/Third_Party/FreeRTOS/Source/queue.o
                0x08009af4                vQueueAddToRegistry
 .text.vQueueUnregisterQueue
                0x08009b48       0x54 ./Middlewares/Third_Party/FreeRTOS/Source/queue.o
                0x08009b48                vQueueUnregisterQueue
 .text.vQueueWaitForMessageRestricted
                0x08009b9c       0x68 ./Middlewares/Third_Party/FreeRTOS/Source/queue.o
                0x08009b9c                vQueueWaitForMessageRestricted
 .text.xTaskCreateStatic
                0x08009c04       0xc0 ./Middlewares/Third_Party/FreeRTOS/Source/tasks.o
                0x08009c04                xTaskCreateStatic
 .text.xTaskCreate
                0x08009cc4       0x8a ./Middlewares/Third_Party/FreeRTOS/Source/tasks.o
                0x08009cc4                xTaskCreate
 *fill*         0x08009d4e        0x2 
 .text.prvInitialiseNewTask
                0x08009d50      0x150 ./Middlewares/Third_Party/FreeRTOS/Source/tasks.o
 .text.prvAddNewTaskToReadyList
                0x08009ea0       0xe0 ./Middlewares/Third_Party/FreeRTOS/Source/tasks.o
 .text.vTaskDelay
                0x08009f80       0x6c ./Middlewares/Third_Party/FreeRTOS/Source/tasks.o
                0x08009f80                vTaskDelay
 .text.vTaskStartScheduler
                0x08009fec       0xe0 ./Middlewares/Third_Party/FreeRTOS/Source/tasks.o
                0x08009fec                vTaskStartScheduler
 .text.vTaskSuspendAll
                0x0800a0cc       0x1c ./Middlewares/Third_Party/FreeRTOS/Source/tasks.o
                0x0800a0cc                vTaskSuspendAll
 .text.xTaskResumeAll
                0x0800a0e8      0x13c ./Middlewares/Third_Party/FreeRTOS/Source/tasks.o
                0x0800a0e8                xTaskResumeAll
 .text.xTaskGetTickCount
                0x0800a224       0x20 ./Middlewares/Third_Party/FreeRTOS/Source/tasks.o
                0x0800a224                xTaskGetTickCount
 .text.xTaskIncrementTick
                0x0800a244      0x174 ./Middlewares/Third_Party/FreeRTOS/Source/tasks.o
                0x0800a244                xTaskIncrementTick
 .text.vTaskSwitchContext
                0x0800a3b8       0xcc ./Middlewares/Third_Party/FreeRTOS/Source/tasks.o
                0x0800a3b8                vTaskSwitchContext
 .text.vTaskPlaceOnEventList
                0x0800a484       0x4c ./Middlewares/Third_Party/FreeRTOS/Source/tasks.o
                0x0800a484                vTaskPlaceOnEventList
 .text.vTaskPlaceOnEventListRestricted
                0x0800a4d0       0x58 ./Middlewares/Third_Party/FreeRTOS/Source/tasks.o
                0x0800a4d0                vTaskPlaceOnEventListRestricted
 .text.xTaskRemoveFromEventList
                0x0800a528       0xc8 ./Middlewares/Third_Party/FreeRTOS/Source/tasks.o
                0x0800a528                xTaskRemoveFromEventList
 .text.vTaskInternalSetTimeOutState
                0x0800a5f0       0x2c ./Middlewares/Third_Party/FreeRTOS/Source/tasks.o
                0x0800a5f0                vTaskInternalSetTimeOutState
 .text.xTaskCheckForTimeOut
                0x0800a61c       0xc8 ./Middlewares/Third_Party/FreeRTOS/Source/tasks.o
                0x0800a61c                xTaskCheckForTimeOut
 .text.vTaskMissedYield
                0x0800a6e4       0x18 ./Middlewares/Third_Party/FreeRTOS/Source/tasks.o
                0x0800a6e4                vTaskMissedYield
 .text.prvIdleTask
                0x0800a6fc       0x30 ./Middlewares/Third_Party/FreeRTOS/Source/tasks.o
 .text.prvInitialiseTaskLists
                0x0800a72c       0x80 ./Middlewares/Third_Party/FreeRTOS/Source/tasks.o
 .text.prvCheckTasksWaitingTermination
                0x0800a7ac       0x5c ./Middlewares/Third_Party/FreeRTOS/Source/tasks.o
 .text.prvDeleteTCB
                0x0800a808       0x6a ./Middlewares/Third_Party/FreeRTOS/Source/tasks.o
 *fill*         0x0800a872        0x2 
 .text.prvResetNextTaskUnblockTime
                0x0800a874       0x40 ./Middlewares/Third_Party/FreeRTOS/Source/tasks.o
 .text.xTaskGetSchedulerState
                0x0800a8b4       0x3c ./Middlewares/Third_Party/FreeRTOS/Source/tasks.o
                0x0800a8b4                xTaskGetSchedulerState
 .text.xTaskPriorityInherit
                0x0800a8f0       0xd0 ./Middlewares/Third_Party/FreeRTOS/Source/tasks.o
                0x0800a8f0                xTaskPriorityInherit
 .text.xTaskPriorityDisinherit
                0x0800a9c0       0xe0 ./Middlewares/Third_Party/FreeRTOS/Source/tasks.o
                0x0800a9c0                xTaskPriorityDisinherit
 .text.vTaskPriorityDisinheritAfterTimeout
                0x0800aaa0      0x108 ./Middlewares/Third_Party/FreeRTOS/Source/tasks.o
                0x0800aaa0                vTaskPriorityDisinheritAfterTimeout
 .text.pvTaskIncrementMutexHeldCount
                0x0800aba8       0x28 ./Middlewares/Third_Party/FreeRTOS/Source/tasks.o
                0x0800aba8                pvTaskIncrementMutexHeldCount
 .text.prvAddCurrentTaskToDelayedList
                0x0800abd0       0xa8 ./Middlewares/Third_Party/FreeRTOS/Source/tasks.o
 .text.xTimerCreateTimerTask
                0x0800ac78       0x94 ./Middlewares/Third_Party/FreeRTOS/Source/timers.o
                0x0800ac78                xTimerCreateTimerTask
 .text.xTimerCreate
                0x0800ad0c       0x42 ./Middlewares/Third_Party/FreeRTOS/Source/timers.o
                0x0800ad0c                xTimerCreate
 .text.xTimerCreateStatic
                0x0800ad4e       0x80 ./Middlewares/Third_Party/FreeRTOS/Source/timers.o
                0x0800ad4e                xTimerCreateStatic
 .text.prvInitialiseNewTimer
                0x0800adce       0x78 ./Middlewares/Third_Party/FreeRTOS/Source/timers.o
 *fill*         0x0800ae46        0x2 
 .text.xTimerGenericCommand
                0x0800ae48       0x9c ./Middlewares/Third_Party/FreeRTOS/Source/timers.o
                0x0800ae48                xTimerGenericCommand
 .text.prvProcessExpiredTimer
                0x0800aee4       0x9c ./Middlewares/Third_Party/FreeRTOS/Source/timers.o
 .text.prvTimerTask
                0x0800af80       0x26 ./Middlewares/Third_Party/FreeRTOS/Source/timers.o
 *fill*         0x0800afa6        0x2 
 .text.prvProcessTimerOrBlockTask
                0x0800afa8       0x9c ./Middlewares/Third_Party/FreeRTOS/Source/timers.o
 .text.prvGetNextExpireTime
                0x0800b044       0x48 ./Middlewares/Third_Party/FreeRTOS/Source/timers.o
 .text.prvSampleTimeNow
                0x0800b08c       0x40 ./Middlewares/Third_Party/FreeRTOS/Source/timers.o
 .text.prvInsertTimerInActiveList
                0x0800b0cc       0x84 ./Middlewares/Third_Party/FreeRTOS/Source/timers.o
 .text.prvProcessReceivedCommands
                0x0800b150      0x1cc ./Middlewares/Third_Party/FreeRTOS/Source/timers.o
 .text.prvSwitchTimerLists
                0x0800b31c       0xcc ./Middlewares/Third_Party/FreeRTOS/Source/timers.o
 .text.prvCheckForValidListAndQueue
                0x0800b3e8       0x80 ./Middlewares/Third_Party/FreeRTOS/Source/timers.o
 .text.pvTimerGetTimerID
                0x0800b468       0x42 ./Middlewares/Third_Party/FreeRTOS/Source/timers.o
                0x0800b468                pvTimerGetTimerID
 *fill*         0x0800b4aa        0x2 
 .text.pxPortInitialiseStack
                0x0800b4ac       0x68 ./Middlewares/Third_Party/FreeRTOS/Source/portable/GCC/ARM_CM4F/port.o
                0x0800b4ac                pxPortInitialiseStack
 .text.prvTaskExitError
                0x0800b514       0x5c ./Middlewares/Third_Party/FreeRTOS/Source/portable/GCC/ARM_CM4F/port.o
 .text.SVC_Handler
                0x0800b570       0x28 ./Middlewares/Third_Party/FreeRTOS/Source/portable/GCC/ARM_CM4F/port.o
                0x0800b570                SVC_Handler
 .text.prvPortStartFirstTask
                0x0800b598       0x28 ./Middlewares/Third_Party/FreeRTOS/Source/portable/GCC/ARM_CM4F/port.o
 .text.xPortStartScheduler
                0x0800b5c0      0x148 ./Middlewares/Third_Party/FreeRTOS/Source/portable/GCC/ARM_CM4F/port.o
                0x0800b5c0                xPortStartScheduler
 .text.vPortEnterCritical
                0x0800b708       0x64 ./Middlewares/Third_Party/FreeRTOS/Source/portable/GCC/ARM_CM4F/port.o
                0x0800b708                vPortEnterCritical
 .text.vPortExitCritical
                0x0800b76c       0x54 ./Middlewares/Third_Party/FreeRTOS/Source/portable/GCC/ARM_CM4F/port.o
                0x0800b76c                vPortExitCritical
 .text.PendSV_Handler
                0x0800b7c0       0x68 ./Middlewares/Third_Party/FreeRTOS/Source/portable/GCC/ARM_CM4F/port.o
                0x0800b7c0                PendSV_Handler
 .text.xPortSysTickHandler
                0x0800b828       0x44 ./Middlewares/Third_Party/FreeRTOS/Source/portable/GCC/ARM_CM4F/port.o
                0x0800b828                xPortSysTickHandler
 .text.vPortSetupTimerInterrupt
                0x0800b86c       0x48 ./Middlewares/Third_Party/FreeRTOS/Source/portable/GCC/ARM_CM4F/port.o
                0x0800b86c                vPortSetupTimerInterrupt
 .text.vPortEnableVFP
                0x0800b8b4       0x14 ./Middlewares/Third_Party/FreeRTOS/Source/portable/GCC/ARM_CM4F/port.o
 .text.vPortValidateInterruptPriority
                0x0800b8c8       0x84 ./Middlewares/Third_Party/FreeRTOS/Source/portable/GCC/ARM_CM4F/port.o
                0x0800b8c8                vPortValidateInterruptPriority
 .text.pvPortMalloc
                0x0800b94c      0x19c ./Middlewares/Third_Party/FreeRTOS/Source/portable/MemMang/heap_4.o
                0x0800b94c                pvPortMalloc
 .text.vPortFree
                0x0800bae8       0xc8 ./Middlewares/Third_Party/FreeRTOS/Source/portable/MemMang/heap_4.o
                0x0800bae8                vPortFree
 .text.prvHeapInit
                0x0800bbb0       0xc4 ./Middlewares/Third_Party/FreeRTOS/Source/portable/MemMang/heap_4.o
 .text.prvInsertBlockIntoFreeList
                0x0800bc74       0xb4 ./Middlewares/Third_Party/FreeRTOS/Source/portable/MemMang/heap_4.o
 .text.__cvt    0x0800bd28       0xa8 C:/ST/STM32CubeIDE_1.15.1/STM32CubeIDE/plugins/com.st.stm32cube.ide.mcu.externaltools.gnu-tools-for-stm32.12.3.rel1.win32_1.0.100.202403111256/tools/bin/../lib/gcc/arm-none-eabi/12.3.1/../../../../arm-none-eabi/lib/thumb/v7e-m+dp/hard\libc_nano.a(libc_a-nano-vfprintf_float.o)
                0x0800bd28                __cvt
 .text.__exponent
                0x0800bdd0       0x74 C:/ST/STM32CubeIDE_1.15.1/STM32CubeIDE/plugins/com.st.stm32cube.ide.mcu.externaltools.gnu-tools-for-stm32.12.3.rel1.win32_1.0.100.202403111256/tools/bin/../lib/gcc/arm-none-eabi/12.3.1/../../../../arm-none-eabi/lib/thumb/v7e-m+dp/hard\libc_nano.a(libc_a-nano-vfprintf_float.o)
                0x0800bdd0                __exponent
 *fill*         0x0800be44        0x4 
 .text._printf_float
                0x0800be48      0x434 C:/ST/STM32CubeIDE_1.15.1/STM32CubeIDE/plugins/com.st.stm32cube.ide.mcu.externaltools.gnu-tools-for-stm32.12.3.rel1.win32_1.0.100.202403111256/tools/bin/../lib/gcc/arm-none-eabi/12.3.1/../../../../arm-none-eabi/lib/thumb/v7e-m+dp/hard\libc_nano.a(libc_a-nano-vfprintf_float.o)
                0x0800be48                _printf_float
 .text._printf_common
                0x0800c27c       0xda C:/ST/STM32CubeIDE_1.15.1/STM32CubeIDE/plugins/com.st.stm32cube.ide.mcu.externaltools.gnu-tools-for-stm32.12.3.rel1.win32_1.0.100.202403111256/tools/bin/../lib/gcc/arm-none-eabi/12.3.1/../../../../arm-none-eabi/lib/thumb/v7e-m+dp/hard\libc_nano.a(libc_a-nano-vfprintf_i.o)
                0x0800c27c                _printf_common
 *fill*         0x0800c356        0x2 
 .text._printf_i
                0x0800c358      0x240 C:/ST/STM32CubeIDE_1.15.1/STM32CubeIDE/plugins/com.st.stm32cube.ide.mcu.externaltools.gnu-tools-for-stm32.12.3.rel1.win32_1.0.100.202403111256/tools/bin/../lib/gcc/arm-none-eabi/12.3.1/../../../../arm-none-eabi/lib/thumb/v7e-m+dp/hard\libc_nano.a(libc_a-nano-vfprintf_i.o)
                0x0800c358                _printf_i
 .text.std      0x0800c598       0x6c C:/ST/STM32CubeIDE_1.15.1/STM32CubeIDE/plugins/com.st.stm32cube.ide.mcu.externaltools.gnu-tools-for-stm32.12.3.rel1.win32_1.0.100.202403111256/tools/bin/../lib/gcc/arm-none-eabi/12.3.1/../../../../arm-none-eabi/lib/thumb/v7e-m+dp/hard\libc_nano.a(libc_a-findfp.o)
 .text.stdio_exit_handler
                0x0800c604       0x18 C:/ST/STM32CubeIDE_1.15.1/STM32CubeIDE/plugins/com.st.stm32cube.ide.mcu.externaltools.gnu-tools-for-stm32.12.3.rel1.win32_1.0.100.202403111256/tools/bin/../lib/gcc/arm-none-eabi/12.3.1/../../../../arm-none-eabi/lib/thumb/v7e-m+dp/hard\libc_nano.a(libc_a-findfp.o)
 .text.cleanup_stdio
                0x0800c61c       0x40 C:/ST/STM32CubeIDE_1.15.1/STM32CubeIDE/plugins/com.st.stm32cube.ide.mcu.externaltools.gnu-tools-for-stm32.12.3.rel1.win32_1.0.100.202403111256/tools/bin/../lib/gcc/arm-none-eabi/12.3.1/../../../../arm-none-eabi/lib/thumb/v7e-m+dp/hard\libc_nano.a(libc_a-findfp.o)
 .text.global_stdio_init.part.0
                0x0800c65c       0x3c C:/ST/STM32CubeIDE_1.15.1/STM32CubeIDE/plugins/com.st.stm32cube.ide.mcu.externaltools.gnu-tools-for-stm32.12.3.rel1.win32_1.0.100.202403111256/tools/bin/../lib/gcc/arm-none-eabi/12.3.1/../../../../arm-none-eabi/lib/thumb/v7e-m+dp/hard\libc_nano.a(libc_a-findfp.o)
 .text.__sfp_lock_acquire
                0x0800c698        0xc C:/ST/STM32CubeIDE_1.15.1/STM32CubeIDE/plugins/com.st.stm32cube.ide.mcu.externaltools.gnu-tools-for-stm32.12.3.rel1.win32_1.0.100.202403111256/tools/bin/../lib/gcc/arm-none-eabi/12.3.1/../../../../arm-none-eabi/lib/thumb/v7e-m+dp/hard\libc_nano.a(libc_a-findfp.o)
                0x0800c698                __sfp_lock_acquire
 .text.__sfp_lock_release
                0x0800c6a4        0xc C:/ST/STM32CubeIDE_1.15.1/STM32CubeIDE/plugins/com.st.stm32cube.ide.mcu.externaltools.gnu-tools-for-stm32.12.3.rel1.win32_1.0.100.202403111256/tools/bin/../lib/gcc/arm-none-eabi/12.3.1/../../../../arm-none-eabi/lib/thumb/v7e-m+dp/hard\libc_nano.a(libc_a-findfp.o)
                0x0800c6a4                __sfp_lock_release
 .text.__sinit  0x0800c6b0       0x30 C:/ST/STM32CubeIDE_1.15.1/STM32CubeIDE/plugins/com.st.stm32cube.ide.mcu.externaltools.gnu-tools-for-stm32.12.3.rel1.win32_1.0.100.202403111256/tools/bin/../lib/gcc/arm-none-eabi/12.3.1/../../../../arm-none-eabi/lib/thumb/v7e-m+dp/hard\libc_nano.a(libc_a-findfp.o)
                0x0800c6b0                __sinit
 .text._fwalk_sglue
                0x0800c6e0       0x3c C:/ST/STM32CubeIDE_1.15.1/STM32CubeIDE/plugins/com.st.stm32cube.ide.mcu.externaltools.gnu-tools-for-stm32.12.3.rel1.win32_1.0.100.202403111256/tools/bin/../lib/gcc/arm-none-eabi/12.3.1/../../../../arm-none-eabi/lib/thumb/v7e-m+dp/hard\libc_nano.a(libc_a-fwalk.o)
                0x0800c6e0                _fwalk_sglue
 .text.printf   0x0800c71c       0x24 C:/ST/STM32CubeIDE_1.15.1/STM32CubeIDE/plugins/com.st.stm32cube.ide.mcu.externaltools.gnu-tools-for-stm32.12.3.rel1.win32_1.0.100.202403111256/tools/bin/../lib/gcc/arm-none-eabi/12.3.1/../../../../arm-none-eabi/lib/thumb/v7e-m+dp/hard\libc_nano.a(libc_a-printf.o)
                0x0800c71c                iprintf
                0x0800c71c                printf
 .text.__sread  0x0800c740       0x22 C:/ST/STM32CubeIDE_1.15.1/STM32CubeIDE/plugins/com.st.stm32cube.ide.mcu.externaltools.gnu-tools-for-stm32.12.3.rel1.win32_1.0.100.202403111256/tools/bin/../lib/gcc/arm-none-eabi/12.3.1/../../../../arm-none-eabi/lib/thumb/v7e-m+dp/hard\libc_nano.a(libc_a-stdio.o)
                0x0800c740                __sread
 .text.__swrite
                0x0800c762       0x38 C:/ST/STM32CubeIDE_1.15.1/STM32CubeIDE/plugins/com.st.stm32cube.ide.mcu.externaltools.gnu-tools-for-stm32.12.3.rel1.win32_1.0.100.202403111256/tools/bin/../lib/gcc/arm-none-eabi/12.3.1/../../../../arm-none-eabi/lib/thumb/v7e-m+dp/hard\libc_nano.a(libc_a-stdio.o)
                0x0800c762                __swrite
 .text.__sseek  0x0800c79a       0x24 C:/ST/STM32CubeIDE_1.15.1/STM32CubeIDE/plugins/com.st.stm32cube.ide.mcu.externaltools.gnu-tools-for-stm32.12.3.rel1.win32_1.0.100.202403111256/tools/bin/../lib/gcc/arm-none-eabi/12.3.1/../../../../arm-none-eabi/lib/thumb/v7e-m+dp/hard\libc_nano.a(libc_a-stdio.o)
                0x0800c79a                __sseek
 .text.__sclose
                0x0800c7be        0x8 C:/ST/STM32CubeIDE_1.15.1/STM32CubeIDE/plugins/com.st.stm32cube.ide.mcu.externaltools.gnu-tools-for-stm32.12.3.rel1.win32_1.0.100.202403111256/tools/bin/../lib/gcc/arm-none-eabi/12.3.1/../../../../arm-none-eabi/lib/thumb/v7e-m+dp/hard\libc_nano.a(libc_a-stdio.o)
                0x0800c7be                __sclose
 .text.memset   0x0800c7c6       0x10 C:/ST/STM32CubeIDE_1.15.1/STM32CubeIDE/plugins/com.st.stm32cube.ide.mcu.externaltools.gnu-tools-for-stm32.12.3.rel1.win32_1.0.100.202403111256/tools/bin/../lib/gcc/arm-none-eabi/12.3.1/../../../../arm-none-eabi/lib/thumb/v7e-m+dp/hard\libc_nano.a(libc_a-memset.o)
                0x0800c7c6                memset
 *fill*         0x0800c7d6        0x2 
 .text._localeconv_r
                0x0800c7d8        0x8 C:/ST/STM32CubeIDE_1.15.1/STM32CubeIDE/plugins/com.st.stm32cube.ide.mcu.externaltools.gnu-tools-for-stm32.12.3.rel1.win32_1.0.100.202403111256/tools/bin/../lib/gcc/arm-none-eabi/12.3.1/../../../../arm-none-eabi/lib/thumb/v7e-m+dp/hard\libc_nano.a(libc_a-localeconv.o)
                0x0800c7d8                _localeconv_r
 .text._close_r
                0x0800c7e0       0x20 C:/ST/STM32CubeIDE_1.15.1/STM32CubeIDE/plugins/com.st.stm32cube.ide.mcu.externaltools.gnu-tools-for-stm32.12.3.rel1.win32_1.0.100.202403111256/tools/bin/../lib/gcc/arm-none-eabi/12.3.1/../../../../arm-none-eabi/lib/thumb/v7e-m+dp/hard\libc_nano.a(libc_a-closer.o)
                0x0800c7e0                _close_r
 .text._reclaim_reent
                0x0800c800       0xac C:/ST/STM32CubeIDE_1.15.1/STM32CubeIDE/plugins/com.st.stm32cube.ide.mcu.externaltools.gnu-tools-for-stm32.12.3.rel1.win32_1.0.100.202403111256/tools/bin/../lib/gcc/arm-none-eabi/12.3.1/../../../../arm-none-eabi/lib/thumb/v7e-m+dp/hard\libc_nano.a(libc_a-reent.o)
                0x0800c800                _reclaim_reent
 .text._lseek_r
                0x0800c8ac       0x24 C:/ST/STM32CubeIDE_1.15.1/STM32CubeIDE/plugins/com.st.stm32cube.ide.mcu.externaltools.gnu-tools-for-stm32.12.3.rel1.win32_1.0.100.202403111256/tools/bin/../lib/gcc/arm-none-eabi/12.3.1/../../../../arm-none-eabi/lib/thumb/v7e-m+dp/hard\libc_nano.a(libc_a-lseekr.o)
                0x0800c8ac                _lseek_r
 .text._read_r  0x0800c8d0       0x24 C:/ST/STM32CubeIDE_1.15.1/STM32CubeIDE/plugins/com.st.stm32cube.ide.mcu.externaltools.gnu-tools-for-stm32.12.3.rel1.win32_1.0.100.202403111256/tools/bin/../lib/gcc/arm-none-eabi/12.3.1/../../../../arm-none-eabi/lib/thumb/v7e-m+dp/hard\libc_nano.a(libc_a-readr.o)
                0x0800c8d0                _read_r
 .text._write_r
                0x0800c8f4       0x24 C:/ST/STM32CubeIDE_1.15.1/STM32CubeIDE/plugins/com.st.stm32cube.ide.mcu.externaltools.gnu-tools-for-stm32.12.3.rel1.win32_1.0.100.202403111256/tools/bin/../lib/gcc/arm-none-eabi/12.3.1/../../../../arm-none-eabi/lib/thumb/v7e-m+dp/hard\libc_nano.a(libc_a-writer.o)
                0x0800c8f4                _write_r
 .text.__errno  0x0800c918        0xc C:/ST/STM32CubeIDE_1.15.1/STM32CubeIDE/plugins/com.st.stm32cube.ide.mcu.externaltools.gnu-tools-for-stm32.12.3.rel1.win32_1.0.100.202403111256/tools/bin/../lib/gcc/arm-none-eabi/12.3.1/../../../../arm-none-eabi/lib/thumb/v7e-m+dp/hard\libc_nano.a(libc_a-errno.o)
                0x0800c918                __errno
 .text.__libc_init_array
                0x0800c924       0x48 C:/ST/STM32CubeIDE_1.15.1/STM32CubeIDE/plugins/com.st.stm32cube.ide.mcu.externaltools.gnu-tools-for-stm32.12.3.rel1.win32_1.0.100.202403111256/tools/bin/../lib/gcc/arm-none-eabi/12.3.1/../../../../arm-none-eabi/lib/thumb/v7e-m+dp/hard\libc_nano.a(libc_a-init.o)
                0x0800c924                __libc_init_array
 .text.__retarget_lock_init_recursive
                0x0800c96c        0x2 C:/ST/STM32CubeIDE_1.15.1/STM32CubeIDE/plugins/com.st.stm32cube.ide.mcu.externaltools.gnu-tools-for-stm32.12.3.rel1.win32_1.0.100.202403111256/tools/bin/../lib/gcc/arm-none-eabi/12.3.1/../../../../arm-none-eabi/lib/thumb/v7e-m+dp/hard\libc_nano.a(libc_a-lock.o)
                0x0800c96c                __retarget_lock_init_recursive
 .text.__retarget_lock_acquire_recursive
                0x0800c96e        0x2 C:/ST/STM32CubeIDE_1.15.1/STM32CubeIDE/plugins/com.st.stm32cube.ide.mcu.externaltools.gnu-tools-for-stm32.12.3.rel1.win32_1.0.100.202403111256/tools/bin/../lib/gcc/arm-none-eabi/12.3.1/../../../../arm-none-eabi/lib/thumb/v7e-m+dp/hard\libc_nano.a(libc_a-lock.o)
                0x0800c96e                __retarget_lock_acquire_recursive
 .text.__retarget_lock_release_recursive
                0x0800c970        0x2 C:/ST/STM32CubeIDE_1.15.1/STM32CubeIDE/plugins/com.st.stm32cube.ide.mcu.externaltools.gnu-tools-for-stm32.12.3.rel1.win32_1.0.100.202403111256/tools/bin/../lib/gcc/arm-none-eabi/12.3.1/../../../../arm-none-eabi/lib/thumb/v7e-m+dp/hard\libc_nano.a(libc_a-lock.o)
                0x0800c970                __retarget_lock_release_recursive
 .text.memcpy   0x0800c972       0x1c C:/ST/STM32CubeIDE_1.15.1/STM32CubeIDE/plugins/com.st.stm32cube.ide.mcu.externaltools.gnu-tools-for-stm32.12.3.rel1.win32_1.0.100.202403111256/tools/bin/../lib/gcc/arm-none-eabi/12.3.1/../../../../arm-none-eabi/lib/thumb/v7e-m+dp/hard\libc_nano.a(libc_a-memcpy-stub.o)
                0x0800c972                memcpy
 .text.quorem   0x0800c98e      0x110 C:/ST/STM32CubeIDE_1.15.1/STM32CubeIDE/plugins/com.st.stm32cube.ide.mcu.externaltools.gnu-tools-for-stm32.12.3.rel1.win32_1.0.100.202403111256/tools/bin/../lib/gcc/arm-none-eabi/12.3.1/../../../../arm-none-eabi/lib/thumb/v7e-m+dp/hard\libc_nano.a(libc_a-dtoa.o)
 *fill*         0x0800ca9e        0x2 
 .text._dtoa_r  0x0800caa0      0xaac C:/ST/STM32CubeIDE_1.15.1/STM32CubeIDE/plugins/com.st.stm32cube.ide.mcu.externaltools.gnu-tools-for-stm32.12.3.rel1.win32_1.0.100.202403111256/tools/bin/../lib/gcc/arm-none-eabi/12.3.1/../../../../arm-none-eabi/lib/thumb/v7e-m+dp/hard\libc_nano.a(libc_a-dtoa.o)
                0x0800caa0                _dtoa_r
 .text._free_r  0x0800d54c       0x94 C:/ST/STM32CubeIDE_1.15.1/STM32CubeIDE/plugins/com.st.stm32cube.ide.mcu.externaltools.gnu-tools-for-stm32.12.3.rel1.win32_1.0.100.202403111256/tools/bin/../lib/gcc/arm-none-eabi/12.3.1/../../../../arm-none-eabi/lib/thumb/v7e-m+dp/hard\libc_nano.a(libc_a-freer.o)
                0x0800d54c                _free_r
 .text.malloc   0x0800d5e0       0x10 C:/ST/STM32CubeIDE_1.15.1/STM32CubeIDE/plugins/com.st.stm32cube.ide.mcu.externaltools.gnu-tools-for-stm32.12.3.rel1.win32_1.0.100.202403111256/tools/bin/../lib/gcc/arm-none-eabi/12.3.1/../../../../arm-none-eabi/lib/thumb/v7e-m+dp/hard\libc_nano.a(libc_a-malloc.o)
                0x0800d5e0                malloc
 .text.sbrk_aligned
                0x0800d5f0       0x44 C:/ST/STM32CubeIDE_1.15.1/STM32CubeIDE/plugins/com.st.stm32cube.ide.mcu.externaltools.gnu-tools-for-stm32.12.3.rel1.win32_1.0.100.202403111256/tools/bin/../lib/gcc/arm-none-eabi/12.3.1/../../../../arm-none-eabi/lib/thumb/v7e-m+dp/hard\libc_nano.a(libc_a-mallocr.o)
 .text._malloc_r
                0x0800d634      0x100 C:/ST/STM32CubeIDE_1.15.1/STM32CubeIDE/plugins/com.st.stm32cube.ide.mcu.externaltools.gnu-tools-for-stm32.12.3.rel1.win32_1.0.100.202403111256/tools/bin/../lib/gcc/arm-none-eabi/12.3.1/../../../../arm-none-eabi/lib/thumb/v7e-m+dp/hard\libc_nano.a(libc_a-mallocr.o)
                0x0800d634                _malloc_r
 .text.__malloc_lock
                0x0800d734        0xc C:/ST/STM32CubeIDE_1.15.1/STM32CubeIDE/plugins/com.st.stm32cube.ide.mcu.externaltools.gnu-tools-for-stm32.12.3.rel1.win32_1.0.100.202403111256/tools/bin/../lib/gcc/arm-none-eabi/12.3.1/../../../../arm-none-eabi/lib/thumb/v7e-m+dp/hard\libc_nano.a(libc_a-mlock.o)
                0x0800d734                __malloc_lock
 .text.__malloc_unlock
                0x0800d740        0xc C:/ST/STM32CubeIDE_1.15.1/STM32CubeIDE/plugins/com.st.stm32cube.ide.mcu.externaltools.gnu-tools-for-stm32.12.3.rel1.win32_1.0.100.202403111256/tools/bin/../lib/gcc/arm-none-eabi/12.3.1/../../../../arm-none-eabi/lib/thumb/v7e-m+dp/hard\libc_nano.a(libc_a-mlock.o)
                0x0800d740                __malloc_unlock
 .text._Balloc  0x0800d74c       0x80 C:/ST/STM32CubeIDE_1.15.1/STM32CubeIDE/plugins/com.st.stm32cube.ide.mcu.externaltools.gnu-tools-for-stm32.12.3.rel1.win32_1.0.100.202403111256/tools/bin/../lib/gcc/arm-none-eabi/12.3.1/../../../../arm-none-eabi/lib/thumb/v7e-m+dp/hard\libc_nano.a(libc_a-mprec.o)
                0x0800d74c                _Balloc
 .text._Bfree   0x0800d7cc       0x44 C:/ST/STM32CubeIDE_1.15.1/STM32CubeIDE/plugins/com.st.stm32cube.ide.mcu.externaltools.gnu-tools-for-stm32.12.3.rel1.win32_1.0.100.202403111256/tools/bin/../lib/gcc/arm-none-eabi/12.3.1/../../../../arm-none-eabi/lib/thumb/v7e-m+dp/hard\libc_nano.a(libc_a-mprec.o)
                0x0800d7cc                _Bfree
 .text.__multadd
                0x0800d810       0x8c C:/ST/STM32CubeIDE_1.15.1/STM32CubeIDE/plugins/com.st.stm32cube.ide.mcu.externaltools.gnu-tools-for-stm32.12.3.rel1.win32_1.0.100.202403111256/tools/bin/../lib/gcc/arm-none-eabi/12.3.1/../../../../arm-none-eabi/lib/thumb/v7e-m+dp/hard\libc_nano.a(libc_a-mprec.o)
                0x0800d810                __multadd
 .text.__hi0bits
                0x0800d89c       0x3e C:/ST/STM32CubeIDE_1.15.1/STM32CubeIDE/plugins/com.st.stm32cube.ide.mcu.externaltools.gnu-tools-for-stm32.12.3.rel1.win32_1.0.100.202403111256/tools/bin/../lib/gcc/arm-none-eabi/12.3.1/../../../../arm-none-eabi/lib/thumb/v7e-m+dp/hard\libc_nano.a(libc_a-mprec.o)
                0x0800d89c                __hi0bits
 .text.__lo0bits
                0x0800d8da       0x5a C:/ST/STM32CubeIDE_1.15.1/STM32CubeIDE/plugins/com.st.stm32cube.ide.mcu.externaltools.gnu-tools-for-stm32.12.3.rel1.win32_1.0.100.202403111256/tools/bin/../lib/gcc/arm-none-eabi/12.3.1/../../../../arm-none-eabi/lib/thumb/v7e-m+dp/hard\libc_nano.a(libc_a-mprec.o)
                0x0800d8da                __lo0bits
 .text.__i2b    0x0800d934       0x2c C:/ST/STM32CubeIDE_1.15.1/STM32CubeIDE/plugins/com.st.stm32cube.ide.mcu.externaltools.gnu-tools-for-stm32.12.3.rel1.win32_1.0.100.202403111256/tools/bin/../lib/gcc/arm-none-eabi/12.3.1/../../../../arm-none-eabi/lib/thumb/v7e-m+dp/hard\libc_nano.a(libc_a-mprec.o)
                0x0800d934                __i2b
 .text.__multiply
                0x0800d960      0x154 C:/ST/STM32CubeIDE_1.15.1/STM32CubeIDE/plugins/com.st.stm32cube.ide.mcu.externaltools.gnu-tools-for-stm32.12.3.rel1.win32_1.0.100.202403111256/tools/bin/../lib/gcc/arm-none-eabi/12.3.1/../../../../arm-none-eabi/lib/thumb/v7e-m+dp/hard\libc_nano.a(libc_a-mprec.o)
                0x0800d960                __multiply
 .text.__pow5mult
                0x0800dab4       0xb4 C:/ST/STM32CubeIDE_1.15.1/STM32CubeIDE/plugins/com.st.stm32cube.ide.mcu.externaltools.gnu-tools-for-stm32.12.3.rel1.win32_1.0.100.202403111256/tools/bin/../lib/gcc/arm-none-eabi/12.3.1/../../../../arm-none-eabi/lib/thumb/v7e-m+dp/hard\libc_nano.a(libc_a-mprec.o)
                0x0800dab4                __pow5mult
 .text.__lshift
                0x0800db68       0xd8 C:/ST/STM32CubeIDE_1.15.1/STM32CubeIDE/plugins/com.st.stm32cube.ide.mcu.externaltools.gnu-tools-for-stm32.12.3.rel1.win32_1.0.100.202403111256/tools/bin/../lib/gcc/arm-none-eabi/12.3.1/../../../../arm-none-eabi/lib/thumb/v7e-m+dp/hard\libc_nano.a(libc_a-mprec.o)
                0x0800db68                __lshift
 .text.__mcmp   0x0800dc40       0x36 C:/ST/STM32CubeIDE_1.15.1/STM32CubeIDE/plugins/com.st.stm32cube.ide.mcu.externaltools.gnu-tools-for-stm32.12.3.rel1.win32_1.0.100.202403111256/tools/bin/../lib/gcc/arm-none-eabi/12.3.1/../../../../arm-none-eabi/lib/thumb/v7e-m+dp/hard\libc_nano.a(libc_a-mprec.o)
                0x0800dc40                __mcmp
 *fill*         0x0800dc76        0x2 
 .text.__mdiff  0x0800dc78      0x128 C:/ST/STM32CubeIDE_1.15.1/STM32CubeIDE/plugins/com.st.stm32cube.ide.mcu.externaltools.gnu-tools-for-stm32.12.3.rel1.win32_1.0.100.202403111256/tools/bin/../lib/gcc/arm-none-eabi/12.3.1/../../../../arm-none-eabi/lib/thumb/v7e-m+dp/hard\libc_nano.a(libc_a-mprec.o)
                0x0800dc78                __mdiff
 .text.__d2b    0x0800dda0       0xb0 C:/ST/STM32CubeIDE_1.15.1/STM32CubeIDE/plugins/com.st.stm32cube.ide.mcu.externaltools.gnu-tools-for-stm32.12.3.rel1.win32_1.0.100.202403111256/tools/bin/../lib/gcc/arm-none-eabi/12.3.1/../../../../arm-none-eabi/lib/thumb/v7e-m+dp/hard\libc_nano.a(libc_a-mprec.o)
                0x0800dda0                __d2b
 .text.__sfputc_r
                0x0800de50       0x2e C:/ST/STM32CubeIDE_1.15.1/STM32CubeIDE/plugins/com.st.stm32cube.ide.mcu.externaltools.gnu-tools-for-stm32.12.3.rel1.win32_1.0.100.202403111256/tools/bin/../lib/gcc/arm-none-eabi/12.3.1/../../../../arm-none-eabi/lib/thumb/v7e-m+dp/hard\libc_nano.a(libc_a-nano-vfprintf.o)
 .text.__sfputs_r
                0x0800de7e       0x24 C:/ST/STM32CubeIDE_1.15.1/STM32CubeIDE/plugins/com.st.stm32cube.ide.mcu.externaltools.gnu-tools-for-stm32.12.3.rel1.win32_1.0.100.202403111256/tools/bin/../lib/gcc/arm-none-eabi/12.3.1/../../../../arm-none-eabi/lib/thumb/v7e-m+dp/hard\libc_nano.a(libc_a-nano-vfprintf.o)
                0x0800de7e                __sfputs_r
 *fill*         0x0800dea2        0x2 
 .text._vfprintf_r
                0x0800dea4      0x230 C:/ST/STM32CubeIDE_1.15.1/STM32CubeIDE/plugins/com.st.stm32cube.ide.mcu.externaltools.gnu-tools-for-stm32.12.3.rel1.win32_1.0.100.202403111256/tools/bin/../lib/gcc/arm-none-eabi/12.3.1/../../../../arm-none-eabi/lib/thumb/v7e-m+dp/hard\libc_nano.a(libc_a-nano-vfprintf.o)
                0x0800dea4                _vfprintf_r
                0x0800dea4                _vfiprintf_r
 .text.__sflush_r
                0x0800e0d4      0x108 C:/ST/STM32CubeIDE_1.15.1/STM32CubeIDE/plugins/com.st.stm32cube.ide.mcu.externaltools.gnu-tools-for-stm32.12.3.rel1.win32_1.0.100.202403111256/tools/bin/../lib/gcc/arm-none-eabi/12.3.1/../../../../arm-none-eabi/lib/thumb/v7e-m+dp/hard\libc_nano.a(libc_a-fflush.o)
                0x0800e0d4                __sflush_r
 .text._fflush_r
                0x0800e1dc       0x50 C:/ST/STM32CubeIDE_1.15.1/STM32CubeIDE/plugins/com.st.stm32cube.ide.mcu.externaltools.gnu-tools-for-stm32.12.3.rel1.win32_1.0.100.202403111256/tools/bin/../lib/gcc/arm-none-eabi/12.3.1/../../../../arm-none-eabi/lib/thumb/v7e-m+dp/hard\libc_nano.a(libc_a-fflush.o)
                0x0800e1dc                _fflush_r
 .text.__swbuf_r
                0x0800e22c       0x7c C:/ST/STM32CubeIDE_1.15.1/STM32CubeIDE/plugins/com.st.stm32cube.ide.mcu.externaltools.gnu-tools-for-stm32.12.3.rel1.win32_1.0.100.202403111256/tools/bin/../lib/gcc/arm-none-eabi/12.3.1/../../../../arm-none-eabi/lib/thumb/v7e-m+dp/hard\libc_nano.a(libc_a-wbuf.o)
                0x0800e22c                __swbuf_r
 .text.__swsetup_r
                0x0800e2a8       0xac C:/ST/STM32CubeIDE_1.15.1/STM32CubeIDE/plugins/com.st.stm32cube.ide.mcu.externaltools.gnu-tools-for-stm32.12.3.rel1.win32_1.0.100.202403111256/tools/bin/../lib/gcc/arm-none-eabi/12.3.1/../../../../arm-none-eabi/lib/thumb/v7e-m+dp/hard\libc_nano.a(libc_a-wsetup.o)
                0x0800e2a8                __swsetup_r
 .text._sbrk_r  0x0800e354       0x20 C:/ST/STM32CubeIDE_1.15.1/STM32CubeIDE/plugins/com.st.stm32cube.ide.mcu.externaltools.gnu-tools-for-stm32.12.3.rel1.win32_1.0.100.202403111256/tools/bin/../lib/gcc/arm-none-eabi/12.3.1/../../../../arm-none-eabi/lib/thumb/v7e-m+dp/hard\libc_nano.a(libc_a-sbrkr.o)
                0x0800e354                _sbrk_r
 .text.__assert_func
                0x0800e374       0x3c C:/ST/STM32CubeIDE_1.15.1/STM32CubeIDE/plugins/com.st.stm32cube.ide.mcu.externaltools.gnu-tools-for-stm32.12.3.rel1.win32_1.0.100.202403111256/tools/bin/../lib/gcc/arm-none-eabi/12.3.1/../../../../arm-none-eabi/lib/thumb/v7e-m+dp/hard\libc_nano.a(libc_a-assert.o)
                0x0800e374                __assert_func
 .text._calloc_r
                0x0800e3b0       0x28 C:/ST/STM32CubeIDE_1.15.1/STM32CubeIDE/plugins/com.st.stm32cube.ide.mcu.externaltools.gnu-tools-for-stm32.12.3.rel1.win32_1.0.100.202403111256/tools/bin/../lib/gcc/arm-none-eabi/12.3.1/../../../../arm-none-eabi/lib/thumb/v7e-m+dp/hard\libc_nano.a(libc_a-callocr.o)
                0x0800e3b0                _calloc_r
 .text.__ascii_mbtowc
                0x0800e3d8       0x24 C:/ST/STM32CubeIDE_1.15.1/STM32CubeIDE/plugins/com.st.stm32cube.ide.mcu.externaltools.gnu-tools-for-stm32.12.3.rel1.win32_1.0.100.202403111256/tools/bin/../lib/gcc/arm-none-eabi/12.3.1/../../../../arm-none-eabi/lib/thumb/v7e-m+dp/hard\libc_nano.a(libc_a-mbtowc_r.o)
                0x0800e3d8                __ascii_mbtowc
 .text.__ascii_wctomb
                0x0800e3fc       0x1a C:/ST/STM32CubeIDE_1.15.1/STM32CubeIDE/plugins/com.st.stm32cube.ide.mcu.externaltools.gnu-tools-for-stm32.12.3.rel1.win32_1.0.100.202403111256/tools/bin/../lib/gcc/arm-none-eabi/12.3.1/../../../../arm-none-eabi/lib/thumb/v7e-m+dp/hard\libc_nano.a(libc_a-wctomb_r.o)
                0x0800e3fc                __ascii_wctomb
 *fill*         0x0800e416        0x2 
 .text.fprintf  0x0800e418       0x24 C:/ST/STM32CubeIDE_1.15.1/STM32CubeIDE/plugins/com.st.stm32cube.ide.mcu.externaltools.gnu-tools-for-stm32.12.3.rel1.win32_1.0.100.202403111256/tools/bin/../lib/gcc/arm-none-eabi/12.3.1/../../../../arm-none-eabi/lib/thumb/v7e-m+dp/hard\libc_nano.a(libc_a-fprintf.o)
                0x0800e418                fiprintf
                0x0800e418                fprintf
 .text.__swhatbuf_r
                0x0800e43c       0x4c C:/ST/STM32CubeIDE_1.15.1/STM32CubeIDE/plugins/com.st.stm32cube.ide.mcu.externaltools.gnu-tools-for-stm32.12.3.rel1.win32_1.0.100.202403111256/tools/bin/../lib/gcc/arm-none-eabi/12.3.1/../../../../arm-none-eabi/lib/thumb/v7e-m+dp/hard\libc_nano.a(libc_a-makebuf.o)
                0x0800e43c                __swhatbuf_r
 .text.__smakebuf_r
                0x0800e488       0x78 C:/ST/STM32CubeIDE_1.15.1/STM32CubeIDE/plugins/com.st.stm32cube.ide.mcu.externaltools.gnu-tools-for-stm32.12.3.rel1.win32_1.0.100.202403111256/tools/bin/../lib/gcc/arm-none-eabi/12.3.1/../../../../arm-none-eabi/lib/thumb/v7e-m+dp/hard\libc_nano.a(libc_a-makebuf.o)
                0x0800e488                __smakebuf_r
 .text._fstat_r
                0x0800e500       0x24 C:/ST/STM32CubeIDE_1.15.1/STM32CubeIDE/plugins/com.st.stm32cube.ide.mcu.externaltools.gnu-tools-for-stm32.12.3.rel1.win32_1.0.100.202403111256/tools/bin/../lib/gcc/arm-none-eabi/12.3.1/../../../../arm-none-eabi/lib/thumb/v7e-m+dp/hard\libc_nano.a(libc_a-fstatr.o)
                0x0800e500                _fstat_r
 .text._isatty_r
                0x0800e524       0x20 C:/ST/STM32CubeIDE_1.15.1/STM32CubeIDE/plugins/com.st.stm32cube.ide.mcu.externaltools.gnu-tools-for-stm32.12.3.rel1.win32_1.0.100.202403111256/tools/bin/../lib/gcc/arm-none-eabi/12.3.1/../../../../arm-none-eabi/lib/thumb/v7e-m+dp/hard\libc_nano.a(libc_a-isattyr.o)
                0x0800e524                _isatty_r
 .text.abort    0x0800e544        0xe C:/ST/STM32CubeIDE_1.15.1/STM32CubeIDE/plugins/com.st.stm32cube.ide.mcu.externaltools.gnu-tools-for-stm32.12.3.rel1.win32_1.0.100.202403111256/tools/bin/../lib/gcc/arm-none-eabi/12.3.1/../../../../arm-none-eabi/lib/thumb/v7e-m+dp/hard\libc_nano.a(libc_a-abort.o)
                0x0800e544                abort
 .text._raise_r
                0x0800e552       0x50 C:/ST/STM32CubeIDE_1.15.1/STM32CubeIDE/plugins/com.st.stm32cube.ide.mcu.externaltools.gnu-tools-for-stm32.12.3.rel1.win32_1.0.100.202403111256/tools/bin/../lib/gcc/arm-none-eabi/12.3.1/../../../../arm-none-eabi/lib/thumb/v7e-m+dp/hard\libc_nano.a(libc_a-signal.o)
                0x0800e552                _raise_r
 *fill*         0x0800e5a2        0x2 
 .text.raise    0x0800e5a4       0x10 C:/ST/STM32CubeIDE_1.15.1/STM32CubeIDE/plugins/com.st.stm32cube.ide.mcu.externaltools.gnu-tools-for-stm32.12.3.rel1.win32_1.0.100.202403111256/tools/bin/../lib/gcc/arm-none-eabi/12.3.1/../../../../arm-none-eabi/lib/thumb/v7e-m+dp/hard\libc_nano.a(libc_a-signal.o)
                0x0800e5a4                raise
 .text._kill_r  0x0800e5b4       0x24 C:/ST/STM32CubeIDE_1.15.1/STM32CubeIDE/plugins/com.st.stm32cube.ide.mcu.externaltools.gnu-tools-for-stm32.12.3.rel1.win32_1.0.100.202403111256/tools/bin/../lib/gcc/arm-none-eabi/12.3.1/../../../../arm-none-eabi/lib/thumb/v7e-m+dp/hard\libc_nano.a(libc_a-signalr.o)
                0x0800e5b4                _kill_r
 .text._getpid_r
                0x0800e5d8        0x4 C:/ST/STM32CubeIDE_1.15.1/STM32CubeIDE/plugins/com.st.stm32cube.ide.mcu.externaltools.gnu-tools-for-stm32.12.3.rel1.win32_1.0.100.202403111256/tools/bin/../lib/gcc/arm-none-eabi/12.3.1/../../../../arm-none-eabi/lib/thumb/v7e-m+dp/hard\libc_nano.a(libc_a-signalr.o)
                0x0800e5d8                _getpid_r
 *(.glue_7)
 .glue_7        0x0800e5dc        0x0 linker stubs
 *(.glue_7t)
 .glue_7t       0x0800e5dc        0x0 linker stubs
 *(.eh_frame)
 .eh_frame      0x0800e5dc        0x0 C:/ST/STM32CubeIDE_1.15.1/STM32CubeIDE/plugins/com.st.stm32cube.ide.mcu.externaltools.gnu-tools-for-stm32.12.3.rel1.win32_1.0.100.202403111256/tools/bin/../lib/gcc/arm-none-eabi/12.3.1/thumb/v7e-m+dp/hard/crtbegin.o
 *(.init)
 .init          0x0800e5dc        0x4 C:/ST/STM32CubeIDE_1.15.1/STM32CubeIDE/plugins/com.st.stm32cube.ide.mcu.externaltools.gnu-tools-for-stm32.12.3.rel1.win32_1.0.100.202403111256/tools/bin/../lib/gcc/arm-none-eabi/12.3.1/thumb/v7e-m+dp/hard/crti.o
                0x0800e5dc                _init
 .init          0x0800e5e0        0x8 C:/ST/STM32CubeIDE_1.15.1/STM32CubeIDE/plugins/com.st.stm32cube.ide.mcu.externaltools.gnu-tools-for-stm32.12.3.rel1.win32_1.0.100.202403111256/tools/bin/../lib/gcc/arm-none-eabi/12.3.1/thumb/v7e-m+dp/hard/crtn.o
 *(.fini)
 .fini          0x0800e5e8        0x4 C:/ST/STM32CubeIDE_1.15.1/STM32CubeIDE/plugins/com.st.stm32cube.ide.mcu.externaltools.gnu-tools-for-stm32.12.3.rel1.win32_1.0.100.202403111256/tools/bin/../lib/gcc/arm-none-eabi/12.3.1/thumb/v7e-m+dp/hard/crti.o
                0x0800e5e8                _fini
 .fini          0x0800e5ec        0x8 C:/ST/STM32CubeIDE_1.15.1/STM32CubeIDE/plugins/com.st.stm32cube.ide.mcu.externaltools.gnu-tools-for-stm32.12.3.rel1.win32_1.0.100.202403111256/tools/bin/../lib/gcc/arm-none-eabi/12.3.1/thumb/v7e-m+dp/hard/crtn.o
                0x0800e5f4                        . = ALIGN (0x4)
                0x0800e5f4                        _etext = .

.vfp11_veneer   0x0800e5f4        0x0
 .vfp11_veneer  0x0800e5f4        0x0 linker stubs

.v4_bx          0x0800e5f4        0x0
 .v4_bx         0x0800e5f4        0x0 linker stubs

.iplt           0x0800e5f4        0x0
 .iplt          0x0800e5f4        0x0 C:/ST/STM32CubeIDE_1.15.1/STM32CubeIDE/plugins/com.st.stm32cube.ide.mcu.externaltools.gnu-tools-for-stm32.12.3.rel1.win32_1.0.100.202403111256/tools/bin/../lib/gcc/arm-none-eabi/12.3.1/thumb/v7e-m+dp/hard/crtbegin.o

.rodata         0x0800e5f8      0x498
                0x0800e5f8                        . = ALIGN (0x4)
 *(.rodata)
 .rodata        0x0800e5f8       0x68 ./Core/Src/freertos.o
 .rodata        0x0800e660        0x5 ./Middlewares/Third_Party/FreeRTOS/Source/tasks.o
 *fill*         0x0800e665        0x3 
 .rodata        0x0800e668        0xd ./Middlewares/Third_Party/FreeRTOS/Source/timers.o
 *(.rodata*)
 *fill*         0x0800e675        0x3 
 .rodata.frequencyEstimationTask_attribute
                0x0800e678       0x24 ./Core/Src/freertos.o
                0x0800e678                frequencyEstimationTask_attribute
 .rodata.serialPrintTask_attribute
                0x0800e69c       0x24 ./Core/Src/freertos.o
                0x0800e69c                serialPrintTask_attribute
 .rodata.defaultTask_attributes
                0x0800e6c0       0x24 ./Core/Src/freertos.o
                0x0800e6c0                defaultTask_attributes
 .rodata.D1CorePrescTable
                0x0800e6e4       0x10 ./Core/Src/system_stm32h7xx.o
                0x0800e6e4                D1CorePrescTable
 .rodata.UARTPrescTable
                0x0800e6f4       0x18 ./Drivers/STM32H7xx_HAL_Driver/Src/stm32h7xx_hal_uart.o
                0x0800e6f4                UARTPrescTable
 .rodata.numerator.1
                0x0800e70c        0x8 ./Drivers/STM32H7xx_HAL_Driver/Src/stm32h7xx_hal_uart_ex.o
 .rodata.denominator.0
                0x0800e714        0x8 ./Drivers/STM32H7xx_HAL_Driver/Src/stm32h7xx_hal_uart_ex.o
 .rodata._printf_float.str1.1
                0x0800e71c       0x12 C:/ST/STM32CubeIDE_1.15.1/STM32CubeIDE/plugins/com.st.stm32cube.ide.mcu.externaltools.gnu-tools-for-stm32.12.3.rel1.win32_1.0.100.202403111256/tools/bin/../lib/gcc/arm-none-eabi/12.3.1/../../../../arm-none-eabi/lib/thumb/v7e-m+dp/hard\libc_nano.a(libc_a-nano-vfprintf_float.o)
 .rodata._printf_i.str1.1
                0x0800e72e       0x22 C:/ST/STM32CubeIDE_1.15.1/STM32CubeIDE/plugins/com.st.stm32cube.ide.mcu.externaltools.gnu-tools-for-stm32.12.3.rel1.win32_1.0.100.202403111256/tools/bin/../lib/gcc/arm-none-eabi/12.3.1/../../../../arm-none-eabi/lib/thumb/v7e-m+dp/hard\libc_nano.a(libc_a-nano-vfprintf_i.o)
 .rodata._dtoa_r.str1.1
                0x0800e750       0x8d C:/ST/STM32CubeIDE_1.15.1/STM32CubeIDE/plugins/com.st.stm32cube.ide.mcu.externaltools.gnu-tools-for-stm32.12.3.rel1.win32_1.0.100.202403111256/tools/bin/../lib/gcc/arm-none-eabi/12.3.1/../../../../arm-none-eabi/lib/thumb/v7e-m+dp/hard\libc_nano.a(libc_a-dtoa.o)
                                 0x8f (size before relaxing)
 .rodata._Balloc.str1.1
                0x0800e7dd       0x59 C:/ST/STM32CubeIDE_1.15.1/STM32CubeIDE/plugins/com.st.stm32cube.ide.mcu.externaltools.gnu-tools-for-stm32.12.3.rel1.win32_1.0.100.202403111256/tools/bin/../lib/gcc/arm-none-eabi/12.3.1/../../../../arm-none-eabi/lib/thumb/v7e-m+dp/hard\libc_nano.a(libc_a-mprec.o)
                                 0x70 (size before relaxing)
 .rodata.__multadd.str1.1
                0x0800e836       0x11 C:/ST/STM32CubeIDE_1.15.1/STM32CubeIDE/plugins/com.st.stm32cube.ide.mcu.externaltools.gnu-tools-for-stm32.12.3.rel1.win32_1.0.100.202403111256/tools/bin/../lib/gcc/arm-none-eabi/12.3.1/../../../../arm-none-eabi/lib/thumb/v7e-m+dp/hard\libc_nano.a(libc_a-mprec.o)
 *fill*         0x0800e836        0x2 
 .rodata.p05.0  0x0800e838        0xc C:/ST/STM32CubeIDE_1.15.1/STM32CubeIDE/plugins/com.st.stm32cube.ide.mcu.externaltools.gnu-tools-for-stm32.12.3.rel1.win32_1.0.100.202403111256/tools/bin/../lib/gcc/arm-none-eabi/12.3.1/../../../../arm-none-eabi/lib/thumb/v7e-m+dp/hard\libc_nano.a(libc_a-mprec.o)
 *fill*         0x0800e844        0x4 
 .rodata.__mprec_bigtens
                0x0800e848       0x28 C:/ST/STM32CubeIDE_1.15.1/STM32CubeIDE/plugins/com.st.stm32cube.ide.mcu.externaltools.gnu-tools-for-stm32.12.3.rel1.win32_1.0.100.202403111256/tools/bin/../lib/gcc/arm-none-eabi/12.3.1/../../../../arm-none-eabi/lib/thumb/v7e-m+dp/hard\libc_nano.a(libc_a-mprec.o)
                0x0800e848                __mprec_bigtens
 .rodata.__mprec_tens
                0x0800e870       0xc8 C:/ST/STM32CubeIDE_1.15.1/STM32CubeIDE/plugins/com.st.stm32cube.ide.mcu.externaltools.gnu-tools-for-stm32.12.3.rel1.win32_1.0.100.202403111256/tools/bin/../lib/gcc/arm-none-eabi/12.3.1/../../../../arm-none-eabi/lib/thumb/v7e-m+dp/hard\libc_nano.a(libc_a-mprec.o)
                0x0800e870                __mprec_tens
 .rodata._vfprintf_r.str1.1
                0x0800e938       0x11 C:/ST/STM32CubeIDE_1.15.1/STM32CubeIDE/plugins/com.st.stm32cube.ide.mcu.externaltools.gnu-tools-for-stm32.12.3.rel1.win32_1.0.100.202403111256/tools/bin/../lib/gcc/arm-none-eabi/12.3.1/../../../../arm-none-eabi/lib/thumb/v7e-m+dp/hard\libc_nano.a(libc_a-nano-vfprintf.o)
 .rodata._setlocale_r.str1.1
                0x0800e949        0x8 C:/ST/STM32CubeIDE_1.15.1/STM32CubeIDE/plugins/com.st.stm32cube.ide.mcu.externaltools.gnu-tools-for-stm32.12.3.rel1.win32_1.0.100.202403111256/tools/bin/../lib/gcc/arm-none-eabi/12.3.1/../../../../arm-none-eabi/lib/thumb/v7e-m+dp/hard\libc_nano.a(libc_a-locale.o)
                                  0x9 (size before relaxing)
 .rodata.str1.1
                0x0800e951        0x2 C:/ST/STM32CubeIDE_1.15.1/STM32CubeIDE/plugins/com.st.stm32cube.ide.mcu.externaltools.gnu-tools-for-stm32.12.3.rel1.win32_1.0.100.202403111256/tools/bin/../lib/gcc/arm-none-eabi/12.3.1/../../../../arm-none-eabi/lib/thumb/v7e-m+dp/hard\libc_nano.a(libc_a-locale.o)
 .rodata.__assert_func.str1.1
                0x0800e953       0x3c C:/ST/STM32CubeIDE_1.15.1/STM32CubeIDE/plugins/com.st.stm32cube.ide.mcu.externaltools.gnu-tools-for-stm32.12.3.rel1.win32_1.0.100.202403111256/tools/bin/../lib/gcc/arm-none-eabi/12.3.1/../../../../arm-none-eabi/lib/thumb/v7e-m+dp/hard\libc_nano.a(libc_a-assert.o)
                                 0x3d (size before relaxing)
 .rodata._ctype_
                0x0800e98f      0x101 C:/ST/STM32CubeIDE_1.15.1/STM32CubeIDE/plugins/com.st.stm32cube.ide.mcu.externaltools.gnu-tools-for-stm32.12.3.rel1.win32_1.0.100.202403111256/tools/bin/../lib/gcc/arm-none-eabi/12.3.1/../../../../arm-none-eabi/lib/thumb/v7e-m+dp/hard\libc_nano.a(libc_a-ctype_.o)
                0x0800e98f                _ctype_
                0x0800ea90                        . = ALIGN (0x4)

.ARM.extab
 *(.ARM.extab* .gnu.linkonce.armextab.*)

.ARM            0x0800ea90        0x8
                0x0800ea90                        __exidx_start = .
 *(.ARM.exidx*)
 .ARM.exidx     0x0800ea90        0x8 C:/ST/STM32CubeIDE_1.15.1/STM32CubeIDE/plugins/com.st.stm32cube.ide.mcu.externaltools.gnu-tools-for-stm32.12.3.rel1.win32_1.0.100.202403111256/tools/bin/../lib/gcc/arm-none-eabi/12.3.1/../../../../arm-none-eabi/lib/thumb/v7e-m+dp/hard\libc_nano.a(libc_a-memchr.o)
 .ARM.exidx     0x0800ea98        0x0 C:/ST/STM32CubeIDE_1.15.1/STM32CubeIDE/plugins/com.st.stm32cube.ide.mcu.externaltools.gnu-tools-for-stm32.12.3.rel1.win32_1.0.100.202403111256/tools/bin/../lib/gcc/arm-none-eabi/12.3.1/../../../../arm-none-eabi/lib/thumb/v7e-m+dp/hard\libc_nano.a(libc_a-strlen.o)
                                  0x8 (size before relaxing)
 .ARM.exidx     0x0800ea98        0x0 C:/ST/STM32CubeIDE_1.15.1/STM32CubeIDE/plugins/com.st.stm32cube.ide.mcu.externaltools.gnu-tools-for-stm32.12.3.rel1.win32_1.0.100.202403111256/tools/bin/../lib/gcc/arm-none-eabi/12.3.1/thumb/v7e-m+dp/hard\libgcc.a(_udivmoddi4.o)
                                  0x8 (size before relaxing)
                0x0800ea98                        __exidx_end = .

.preinit_array  0x0800ea98        0x0
                0x0800ea98                        PROVIDE (__preinit_array_start = .)
 *(.preinit_array*)
                0x0800ea98                        PROVIDE (__preinit_array_end = .)

.init_array     0x0800ea98        0x4
                0x0800ea98                        PROVIDE (__init_array_start = .)
 *(SORT_BY_NAME(.init_array.*))
 *(.init_array*)
 .init_array    0x0800ea98        0x4 C:/ST/STM32CubeIDE_1.15.1/STM32CubeIDE/plugins/com.st.stm32cube.ide.mcu.externaltools.gnu-tools-for-stm32.12.3.rel1.win32_1.0.100.202403111256/tools/bin/../lib/gcc/arm-none-eabi/12.3.1/thumb/v7e-m+dp/hard/crtbegin.o
                0x0800ea9c                        PROVIDE (__init_array_end = .)

.fini_array     0x0800ea9c        0x4
                [!provide]                        PROVIDE (__fini_array_start = .)
 *(SORT_BY_NAME(.fini_array.*))
 *(.fini_array*)
 .fini_array    0x0800ea9c        0x4 C:/ST/STM32CubeIDE_1.15.1/STM32CubeIDE/plugins/com.st.stm32cube.ide.mcu.externaltools.gnu-tools-for-stm32.12.3.rel1.win32_1.0.100.202403111256/tools/bin/../lib/gcc/arm-none-eabi/12.3.1/thumb/v7e-m+dp/hard/crtbegin.o
                [!provide]                        PROVIDE (__fini_array_end = .)
                0x0800eaa0                        _sidata = LOADADDR (.data)

.rel.dyn        0x0800eaa0        0x0
 .rel.iplt      0x0800eaa0        0x0 C:/ST/STM32CubeIDE_1.15.1/STM32CubeIDE/plugins/com.st.stm32cube.ide.mcu.externaltools.gnu-tools-for-stm32.12.3.rel1.win32_1.0.100.202403111256/tools/bin/../lib/gcc/arm-none-eabi/12.3.1/thumb/v7e-m+dp/hard/crtbegin.o

.data           0x24000000      0x1dc load address 0x0800eaa0
                0x24000000                        . = ALIGN (0x4)
                0x24000000                        _sdata = .
 *(.data)
 *(.data*)
 .data.SystemCoreClock
                0x24000000        0x4 ./Core/Src/system_stm32h7xx.o
                0x24000000                SystemCoreClock
 .data.SystemD2Clock
                0x24000004        0x4 ./Core/Src/system_stm32h7xx.o
                0x24000004                SystemD2Clock
 .data.uwTickPrio
                0x24000008        0x4 ./Drivers/STM32H7xx_HAL_Driver/Src/stm32h7xx_hal.o
                0x24000008                uwTickPrio
 .data.uwTickFreq
                0x2400000c        0x1 ./Drivers/STM32H7xx_HAL_Driver/Src/stm32h7xx_hal.o
                0x2400000c                uwTickFreq
 *fill*         0x2400000d        0x3 
 .data.uxCriticalNesting
                0x24000010        0x4 ./Middlewares/Third_Party/FreeRTOS/Source/portable/GCC/ARM_CM4F/port.o
 .data.__sglue  0x24000014        0xc C:/ST/STM32CubeIDE_1.15.1/STM32CubeIDE/plugins/com.st.stm32cube.ide.mcu.externaltools.gnu-tools-for-stm32.12.3.rel1.win32_1.0.100.202403111256/tools/bin/../lib/gcc/arm-none-eabi/12.3.1/../../../../arm-none-eabi/lib/thumb/v7e-m+dp/hard\libc_nano.a(libc_a-findfp.o)
                0x24000014                __sglue
 .data._impure_ptr
                0x24000020        0x4 C:/ST/STM32CubeIDE_1.15.1/STM32CubeIDE/plugins/com.st.stm32cube.ide.mcu.externaltools.gnu-tools-for-stm32.12.3.rel1.win32_1.0.100.202403111256/tools/bin/../lib/gcc/arm-none-eabi/12.3.1/../../../../arm-none-eabi/lib/thumb/v7e-m+dp/hard\libc_nano.a(libc_a-impure.o)
                0x24000020                _impure_ptr
 .data._impure_data
                0x24000024       0x4c C:/ST/STM32CubeIDE_1.15.1/STM32CubeIDE/plugins/com.st.stm32cube.ide.mcu.externaltools.gnu-tools-for-stm32.12.3.rel1.win32_1.0.100.202403111256/tools/bin/../lib/gcc/arm-none-eabi/12.3.1/../../../../arm-none-eabi/lib/thumb/v7e-m+dp/hard\libc_nano.a(libc_a-impure.o)
                0x24000024                _impure_data
 .data.__global_locale
                0x24000070      0x16c C:/ST/STM32CubeIDE_1.15.1/STM32CubeIDE/plugins/com.st.stm32cube.ide.mcu.externaltools.gnu-tools-for-stm32.12.3.rel1.win32_1.0.100.202403111256/tools/bin/../lib/gcc/arm-none-eabi/12.3.1/../../../../arm-none-eabi/lib/thumb/v7e-m+dp/hard\libc_nano.a(libc_a-locale.o)
                0x24000070                __global_locale
 *(.RamFunc)
 *(.RamFunc*)
                0x240001dc                        . = ALIGN (0x4)